Component: ARM Compiler 5.06 update 6 (build 750) Tool: armlink [4d35ed]

==============================================================================

Section Cross References

    startup_stm32f10x_hd.o(RESET) refers to startup_stm32f10x_hd.o(STACK) for __initial_sp
    startup_stm32f10x_hd.o(RESET) refers to startup_stm32f10x_hd.o(.text) for Reset_Handler
    startup_stm32f10x_hd.o(RESET) refers to stm32f10x_it.o(.text) for NMI_Handler
    startup_stm32f10x_hd.o(RESET) refers to port.o(.emb_text) for SVC_Handler
    startup_stm32f10x_hd.o(.text) refers to system_stm32f10x.o(.text) for SystemInit
    startup_stm32f10x_hd.o(.text) refers to entry.o(.ARM.Collect$$$$00000000) for __main
    system_stm32f10x.o(.text) refers to system_stm32f10x.o(.data) for .data
    stm32f10x_adc.o(.text) refers to stm32f10x_rcc.o(.text) for RCC_APB2PeriphResetCmd
    stm32f10x_bkp.o(.text) refers to stm32f10x_rcc.o(.text) for RCC_BackupResetCmd
    stm32f10x_can.o(.text) refers to stm32f10x_rcc.o(.text) for RCC_APB1PeriphResetCmd
    stm32f10x_cec.o(.text) refers to stm32f10x_rcc.o(.text) for RCC_APB1PeriphResetCmd
    stm32f10x_dac.o(.text) refers to stm32f10x_rcc.o(.text) for RCC_APB1PeriphResetCmd
    stm32f10x_gpio.o(.text) refers to stm32f10x_rcc.o(.text) for RCC_APB2PeriphResetCmd
    stm32f10x_i2c.o(.text) refers to stm32f10x_rcc.o(.text) for RCC_APB1PeriphResetCmd
    stm32f10x_pwr.o(.text) refers to stm32f10x_rcc.o(.text) for RCC_APB1PeriphResetCmd
    stm32f10x_rcc.o(.text) refers to stm32f10x_rcc.o(.data) for .data
    stm32f10x_spi.o(.text) refers to stm32f10x_rcc.o(.text) for RCC_APB2PeriphResetCmd
    stm32f10x_tim.o(.text) refers to stm32f10x_rcc.o(.text) for RCC_APB2PeriphResetCmd
    stm32f10x_usart.o(.text) refers to stm32f10x_rcc.o(.text) for RCC_APB2PeriphResetCmd
    stm32f10x_wwdg.o(.text) refers to stm32f10x_rcc.o(.text) for RCC_APB1PeriphResetCmd
    main.o(.text) refers to tasks.o(.text) for ulTaskNotifyTake
    main.o(.text) refers to printfa.o(i.__0printf) for __2printf
    main.o(.text) refers to memseta.o(.text) for __aeabi_memclr
    main.o(.text) refers to bsp_iic.o(.text) for AS5600_ReadTwoByte
    main.o(.text) refers to stm32f10x_adc.o(.text) for ADC_SoftwareStartConvCmd
    main.o(.text) refers to dfltui.o(.text) for __aeabi_ui2d
    main.o(.text) refers to dmul.o(.text) for __aeabi_dmul
    main.o(.text) refers to ddiv.o(.text) for __aeabi_ddiv
    main.o(.text) refers to dadd.o(.text) for __aeabi_drsub
    main.o(.text) refers to dscalb.o(.text) for __ARM_scalbn
    main.o(.text) refers to port.o(.text) for vPortEnterCritical
    main.o(.text) refers to misc.o(.text) for NVIC_PriorityGroupConfig
    main.o(.text) refers to bsp_led.o(.text) for LED_GPIO_Config
    main.o(.text) refers to bsp_usart.o(.text) for USART1_Init
    main.o(.text) refers to bsp_adc.o(.text) for ADC_Config
    main.o(.text) refers to main.o(.bss) for .bss
    main.o(.text) refers to main.o(.data) for .data
    stm32f10x_it.o(.text) refers to tasks.o(.text) for xTaskGetSchedulerState
    stm32f10x_it.o(.text) refers to port.o(.text) for xPortSysTickHandler
    stm32f10x_it.o(.text) refers to stm32f10x_usart.o(.text) for USART_GetITStatus
    stm32f10x_it.o(.text) refers to stm32f10x_it.o(.data) for .data
    stm32f10x_it.o(.text) refers to main.o(.bss) for Usart_Rx_Buf
    stm32f10x_it.o(.text) refers to main.o(.data) for USART_Task_Handle
    bsp_led.o(.text) refers to stm32f10x_rcc.o(.text) for RCC_APB2PeriphClockCmd
    bsp_led.o(.text) refers to stm32f10x_gpio.o(.text) for GPIO_Init
    bsp_usart.o(.text) refers to misc.o(.text) for NVIC_Init
    bsp_usart.o(.text) refers to stm32f10x_rcc.o(.text) for RCC_APB2PeriphClockCmd
    bsp_usart.o(.text) refers to stm32f10x_gpio.o(.text) for GPIO_Init
    bsp_usart.o(.text) refers to stm32f10x_usart.o(.text) for USART_ITConfig
    bsp_iic.o(.text) refers to stm32f10x_rcc.o(.text) for RCC_APB2PeriphClockCmd
    bsp_iic.o(.text) refers to stm32f10x_gpio.o(.text) for GPIO_Init
    bsp_adc.o(.text) refers to stm32f10x_rcc.o(.text) for RCC_APB2PeriphClockCmd
    bsp_adc.o(.text) refers to stm32f10x_gpio.o(.text) for GPIO_Init
    bsp_adc.o(.text) refers to stm32f10x_adc.o(.text) for ADC_DeInit
    event_groups.o(.text) refers to heap_4.o(.text) for pvPortMalloc
    event_groups.o(.text) refers to list.o(.text) for vListInitialise
    event_groups.o(.text) refers to printfa.o(i.__0printf) for __2printf
    event_groups.o(.text) refers to tasks.o(.text) for vTaskSuspendAll
    event_groups.o(.text) refers to port.o(.text) for vPortEnterCritical
    queue.o(.text) refers to printfa.o(i.__0printf) for __2printf
    queue.o(.text) refers to port.o(.text) for vPortEnterCritical
    queue.o(.text) refers to list.o(.text) for vListInitialise
    queue.o(.text) refers to tasks.o(.text) for xTaskRemoveFromEventList
    queue.o(.text) refers to heap_4.o(.text) for pvPortMalloc
    queue.o(.text) refers to memcpya.o(.text) for __aeabi_memcpy
    queue.o(.text) refers to queue.o(.bss) for .bss
    tasks.o(.text) refers to list.o(.text) for vListInitialise
    tasks.o(.text) refers to port.o(.text) for vPortEnterCritical
    tasks.o(.text) refers to printfa.o(i.__0printf) for __2printf
    tasks.o(.text) refers to heap_4.o(.text) for pvPortMalloc
    tasks.o(.text) refers to tasks.o(.bss) for .bss
    tasks.o(.text) refers to tasks.o(.data) for .data
    heap_4.o(.text) refers to tasks.o(.text) for vTaskSuspendAll
    heap_4.o(.text) refers to printfa.o(i.__0printf) for __2printf
    heap_4.o(.text) refers to heap_4.o(.data) for .data
    heap_4.o(.text) refers to heap_4.o(.bss) for .bss
    port.o(.emb_text) refers to tasks.o(.text) for vTaskSwitchContext
    port.o(.emb_text) refers to tasks.o(.data) for pxCurrentTCB
    port.o(.text) refers to printfa.o(i.__0printf) for __2printf
    port.o(.text) refers to port.o(.emb_text) for __asm___6_port_c_39a90d8d__prvStartFirstTask
    port.o(.text) refers to tasks.o(.text) for xTaskIncrementTick
    port.o(.text) refers to port.o(.data) for .data
    port.o(.text) refers to system_stm32f10x.o(.data) for SystemCoreClock
    entry.o(.ARM.Collect$$$$00000000) refers (Special) to entry10a.o(.ARM.Collect$$$$0000000D) for __rt_final_cpp
    entry.o(.ARM.Collect$$$$00000000) refers (Special) to entry11a.o(.ARM.Collect$$$$0000000F) for __rt_final_exit
    entry.o(.ARM.Collect$$$$00000000) refers (Special) to entry7b.o(.ARM.Collect$$$$00000008) for _main_clock
    entry.o(.ARM.Collect$$$$00000000) refers (Special) to entry8b.o(.ARM.Collect$$$$0000000A) for _main_cpp_init
    entry.o(.ARM.Collect$$$$00000000) refers (Special) to entry9a.o(.ARM.Collect$$$$0000000B) for _main_init
    entry.o(.ARM.Collect$$$$00000000) refers (Special) to entry5.o(.ARM.Collect$$$$00000004) for _main_scatterload
    entry.o(.ARM.Collect$$$$00000000) refers (Special) to entry2.o(.ARM.Collect$$$$00000001) for _main_stk
    printfb.o(i.__0fprintf$bare) refers to printfb.o(i._printf_core) for _printf_core
    printfb.o(i.__0fprintf$bare) refers to bsp_usart.o(.text) for fputc
    printfb.o(i.__0printf$bare) refers to printfb.o(i._printf_core) for _printf_core
    printfb.o(i.__0printf$bare) refers to bsp_usart.o(.text) for fputc
    printfb.o(i.__0printf$bare) refers to stdout.o(.data) for __stdout
    printfb.o(i.__0snprintf$bare) refers to printfb.o(i._printf_core) for _printf_core
    printfb.o(i.__0snprintf$bare) refers to printfb.o(i._snputc) for _snputc
    printfb.o(i.__0sprintf$bare) refers to printfb.o(i._printf_core) for _printf_core
    printfb.o(i.__0sprintf$bare) refers to printfb.o(i._sputc) for _sputc
    printfb.o(i.__0vfprintf$bare) refers to printfb.o(i._printf_core) for _printf_core
    printfb.o(i.__0vfprintf$bare) refers to bsp_usart.o(.text) for fputc
    printfb.o(i.__0vprintf$bare) refers to printfb.o(i._printf_core) for _printf_core
    printfb.o(i.__0vprintf$bare) refers to bsp_usart.o(.text) for fputc
    printfb.o(i.__0vprintf$bare) refers to stdout.o(.data) for __stdout
    printfb.o(i.__0vsnprintf$bare) refers to printfb.o(i._printf_core) for _printf_core
    printfb.o(i.__0vsnprintf$bare) refers to printfb.o(i._snputc) for _snputc
    printfb.o(i.__0vsprintf$bare) refers to printfb.o(i._printf_core) for _printf_core
    printfb.o(i.__0vsprintf$bare) refers to printfb.o(i._sputc) for _sputc
    printf0.o(i.__0fprintf$0) refers to printf0.o(i._printf_core) for _printf_core
    printf0.o(i.__0fprintf$0) refers to bsp_usart.o(.text) for fputc
    printf0.o(i.__0printf$0) refers to printf0.o(i._printf_core) for _printf_core
    printf0.o(i.__0printf$0) refers to bsp_usart.o(.text) for fputc
    printf0.o(i.__0printf$0) refers to stdout.o(.data) for __stdout
    printf0.o(i.__0snprintf$0) refers to printf0.o(i._printf_core) for _printf_core
    printf0.o(i.__0snprintf$0) refers to printf0.o(i._snputc) for _snputc
    printf0.o(i.__0sprintf$0) refers to printf0.o(i._printf_core) for _printf_core
    printf0.o(i.__0sprintf$0) refers to printf0.o(i._sputc) for _sputc
    printf0.o(i.__0vfprintf$0) refers to printf0.o(i._printf_core) for _printf_core
    printf0.o(i.__0vfprintf$0) refers to bsp_usart.o(.text) for fputc
    printf0.o(i.__0vprintf$0) refers to printf0.o(i._printf_core) for _printf_core
    printf0.o(i.__0vprintf$0) refers to bsp_usart.o(.text) for fputc
    printf0.o(i.__0vprintf$0) refers to stdout.o(.data) for __stdout
    printf0.o(i.__0vsnprintf$0) refers to printf0.o(i._printf_core) for _printf_core
    printf0.o(i.__0vsnprintf$0) refers to printf0.o(i._snputc) for _snputc
    printf0.o(i.__0vsprintf$0) refers to printf0.o(i._printf_core) for _printf_core
    printf0.o(i.__0vsprintf$0) refers to printf0.o(i._sputc) for _sputc
    printf1.o(i.__0fprintf$1) refers to printf1.o(i._printf_core) for _printf_core
    printf1.o(i.__0fprintf$1) refers to bsp_usart.o(.text) for fputc
    printf1.o(i.__0printf$1) refers to printf1.o(i._printf_core) for _printf_core
    printf1.o(i.__0printf$1) refers to bsp_usart.o(.text) for fputc
    printf1.o(i.__0printf$1) refers to stdout.o(.data) for __stdout
    printf1.o(i.__0snprintf$1) refers to printf1.o(i._printf_core) for _printf_core
    printf1.o(i.__0snprintf$1) refers to printf1.o(i._snputc) for _snputc
    printf1.o(i.__0sprintf$1) refers to printf1.o(i._printf_core) for _printf_core
    printf1.o(i.__0sprintf$1) refers to printf1.o(i._sputc) for _sputc
    printf1.o(i.__0vfprintf$1) refers to printf1.o(i._printf_core) for _printf_core
    printf1.o(i.__0vfprintf$1) refers to bsp_usart.o(.text) for fputc
    printf1.o(i.__0vprintf$1) refers to printf1.o(i._printf_core) for _printf_core
    printf1.o(i.__0vprintf$1) refers to bsp_usart.o(.text) for fputc
    printf1.o(i.__0vprintf$1) refers to stdout.o(.data) for __stdout
    printf1.o(i.__0vsnprintf$1) refers to printf1.o(i._printf_core) for _printf_core
    printf1.o(i.__0vsnprintf$1) refers to printf1.o(i._snputc) for _snputc
    printf1.o(i.__0vsprintf$1) refers to printf1.o(i._printf_core) for _printf_core
    printf1.o(i.__0vsprintf$1) refers to printf1.o(i._sputc) for _sputc
    printf1.o(i._printf_core) refers to uidiv.o(.text) for __aeabi_uidivmod
    printf2.o(i.__0fprintf$2) refers to printf2.o(i._printf_core) for _printf_core
    printf2.o(i.__0fprintf$2) refers to bsp_usart.o(.text) for fputc
    printf2.o(i.__0printf$2) refers to printf2.o(i._printf_core) for _printf_core
    printf2.o(i.__0printf$2) refers to bsp_usart.o(.text) for fputc
    printf2.o(i.__0printf$2) refers to stdout.o(.data) for __stdout
    printf2.o(i.__0snprintf$2) refers to printf2.o(i._printf_core) for _printf_core
    printf2.o(i.__0snprintf$2) refers to printf2.o(i._snputc) for _snputc
    printf2.o(i.__0sprintf$2) refers to printf2.o(i._printf_core) for _printf_core
    printf2.o(i.__0sprintf$2) refers to printf2.o(i._sputc) for _sputc
    printf2.o(i.__0vfprintf$2) refers to printf2.o(i._printf_core) for _printf_core
    printf2.o(i.__0vfprintf$2) refers to bsp_usart.o(.text) for fputc
    printf2.o(i.__0vprintf$2) refers to printf2.o(i._printf_core) for _printf_core
    printf2.o(i.__0vprintf$2) refers to bsp_usart.o(.text) for fputc
    printf2.o(i.__0vprintf$2) refers to stdout.o(.data) for __stdout
    printf2.o(i.__0vsnprintf$2) refers to printf2.o(i._printf_core) for _printf_core
    printf2.o(i.__0vsnprintf$2) refers to printf2.o(i._snputc) for _snputc
    printf2.o(i.__0vsprintf$2) refers to printf2.o(i._printf_core) for _printf_core
    printf2.o(i.__0vsprintf$2) refers to printf2.o(i._sputc) for _sputc
    printf3.o(i.__0fprintf$3) refers to printf3.o(i._printf_core) for _printf_core
    printf3.o(i.__0fprintf$3) refers to bsp_usart.o(.text) for fputc
    printf3.o(i.__0printf$3) refers to printf3.o(i._printf_core) for _printf_core
    printf3.o(i.__0printf$3) refers to bsp_usart.o(.text) for fputc
    printf3.o(i.__0printf$3) refers to stdout.o(.data) for __stdout
    printf3.o(i.__0snprintf$3) refers to printf3.o(i._printf_core) for _printf_core
    printf3.o(i.__0snprintf$3) refers to printf3.o(i._snputc) for _snputc
    printf3.o(i.__0sprintf$3) refers to printf3.o(i._printf_core) for _printf_core
    printf3.o(i.__0sprintf$3) refers to printf3.o(i._sputc) for _sputc
    printf3.o(i.__0vfprintf$3) refers to printf3.o(i._printf_core) for _printf_core
    printf3.o(i.__0vfprintf$3) refers to bsp_usart.o(.text) for fputc
    printf3.o(i.__0vprintf$3) refers to printf3.o(i._printf_core) for _printf_core
    printf3.o(i.__0vprintf$3) refers to bsp_usart.o(.text) for fputc
    printf3.o(i.__0vprintf$3) refers to stdout.o(.data) for __stdout
    printf3.o(i.__0vsnprintf$3) refers to printf3.o(i._printf_core) for _printf_core
    printf3.o(i.__0vsnprintf$3) refers to printf3.o(i._snputc) for _snputc
    printf3.o(i.__0vsprintf$3) refers to printf3.o(i._printf_core) for _printf_core
    printf3.o(i.__0vsprintf$3) refers to printf3.o(i._sputc) for _sputc
    printf3.o(i._printf_core) refers to uidiv.o(.text) for __aeabi_uidivmod
    printf4.o(i.__0fprintf$4) refers to printf4.o(i._printf_core) for _printf_core
    printf4.o(i.__0fprintf$4) refers to bsp_usart.o(.text) for fputc
    printf4.o(i.__0printf$4) refers to printf4.o(i._printf_core) for _printf_core
    printf4.o(i.__0printf$4) refers to bsp_usart.o(.text) for fputc
    printf4.o(i.__0printf$4) refers to stdout.o(.data) for __stdout
    printf4.o(i.__0snprintf$4) refers to printf4.o(i._printf_core) for _printf_core
    printf4.o(i.__0snprintf$4) refers to printf4.o(i._snputc) for _snputc
    printf4.o(i.__0sprintf$4) refers to printf4.o(i._printf_core) for _printf_core
    printf4.o(i.__0sprintf$4) refers to printf4.o(i._sputc) for _sputc
    printf4.o(i.__0vfprintf$4) refers to printf4.o(i._printf_core) for _printf_core
    printf4.o(i.__0vfprintf$4) refers to bsp_usart.o(.text) for fputc
    printf4.o(i.__0vprintf$4) refers to printf4.o(i._printf_core) for _printf_core
    printf4.o(i.__0vprintf$4) refers to bsp_usart.o(.text) for fputc
    printf4.o(i.__0vprintf$4) refers to stdout.o(.data) for __stdout
    printf4.o(i.__0vsnprintf$4) refers to printf4.o(i._printf_core) for _printf_core
    printf4.o(i.__0vsnprintf$4) refers to printf4.o(i._snputc) for _snputc
    printf4.o(i.__0vsprintf$4) refers to printf4.o(i._printf_core) for _printf_core
    printf4.o(i.__0vsprintf$4) refers to printf4.o(i._sputc) for _sputc
    printf4.o(i._printf_core) refers to uldiv.o(.text) for __aeabi_uldivmod
    printf5.o(i.__0fprintf$5) refers to printf5.o(i._printf_core) for _printf_core
    printf5.o(i.__0fprintf$5) refers to bsp_usart.o(.text) for fputc
    printf5.o(i.__0printf$5) refers to printf5.o(i._printf_core) for _printf_core
    printf5.o(i.__0printf$5) refers to bsp_usart.o(.text) for fputc
    printf5.o(i.__0printf$5) refers to stdout.o(.data) for __stdout
    printf5.o(i.__0snprintf$5) refers to printf5.o(i._printf_core) for _printf_core
    printf5.o(i.__0snprintf$5) refers to printf5.o(i._snputc) for _snputc
    printf5.o(i.__0sprintf$5) refers to printf5.o(i._printf_core) for _printf_core
    printf5.o(i.__0sprintf$5) refers to printf5.o(i._sputc) for _sputc
    printf5.o(i.__0vfprintf$5) refers to printf5.o(i._printf_core) for _printf_core
    printf5.o(i.__0vfprintf$5) refers to bsp_usart.o(.text) for fputc
    printf5.o(i.__0vprintf$5) refers to printf5.o(i._printf_core) for _printf_core
    printf5.o(i.__0vprintf$5) refers to bsp_usart.o(.text) for fputc
    printf5.o(i.__0vprintf$5) refers to stdout.o(.data) for __stdout
    printf5.o(i.__0vsnprintf$5) refers to printf5.o(i._printf_core) for _printf_core
    printf5.o(i.__0vsnprintf$5) refers to printf5.o(i._snputc) for _snputc
    printf5.o(i.__0vsprintf$5) refers to printf5.o(i._printf_core) for _printf_core
    printf5.o(i.__0vsprintf$5) refers to printf5.o(i._sputc) for _sputc
    printf5.o(i._printf_core) refers to uldiv.o(.text) for __aeabi_uldivmod
    printf6.o(i.__0fprintf$6) refers to printf6.o(i._printf_core) for _printf_core
    printf6.o(i.__0fprintf$6) refers to bsp_usart.o(.text) for fputc
    printf6.o(i.__0printf$6) refers to printf6.o(i._printf_core) for _printf_core
    printf6.o(i.__0printf$6) refers to bsp_usart.o(.text) for fputc
    printf6.o(i.__0printf$6) refers to stdout.o(.data) for __stdout
    printf6.o(i.__0snprintf$6) refers to printf6.o(i._printf_core) for _printf_core
    printf6.o(i.__0snprintf$6) refers to printf6.o(i._snputc) for _snputc
    printf6.o(i.__0sprintf$6) refers to printf6.o(i._printf_core) for _printf_core
    printf6.o(i.__0sprintf$6) refers to printf6.o(i._sputc) for _sputc
    printf6.o(i.__0vfprintf$6) refers to printf6.o(i._printf_core) for _printf_core
    printf6.o(i.__0vfprintf$6) refers to bsp_usart.o(.text) for fputc
    printf6.o(i.__0vprintf$6) refers to printf6.o(i._printf_core) for _printf_core
    printf6.o(i.__0vprintf$6) refers to bsp_usart.o(.text) for fputc
    printf6.o(i.__0vprintf$6) refers to stdout.o(.data) for __stdout
    printf6.o(i.__0vsnprintf$6) refers to printf6.o(i._printf_core) for _printf_core
    printf6.o(i.__0vsnprintf$6) refers to printf6.o(i._snputc) for _snputc
    printf6.o(i.__0vsprintf$6) refers to printf6.o(i._printf_core) for _printf_core
    printf6.o(i.__0vsprintf$6) refers to printf6.o(i._sputc) for _sputc
    printf6.o(i._printf_core) refers to printf6.o(i._printf_pre_padding) for _printf_pre_padding
    printf6.o(i._printf_core) refers to uidiv.o(.text) for __aeabi_uidivmod
    printf6.o(i._printf_core) refers to printf6.o(i._printf_post_padding) for _printf_post_padding
    printf7.o(i.__0fprintf$7) refers to printf7.o(i._printf_core) for _printf_core
    printf7.o(i.__0fprintf$7) refers to bsp_usart.o(.text) for fputc
    printf7.o(i.__0printf$7) refers to printf7.o(i._printf_core) for _printf_core
    printf7.o(i.__0printf$7) refers to bsp_usart.o(.text) for fputc
    printf7.o(i.__0printf$7) refers to stdout.o(.data) for __stdout
    printf7.o(i.__0snprintf$7) refers to printf7.o(i._printf_core) for _printf_core
    printf7.o(i.__0snprintf$7) refers to printf7.o(i._snputc) for _snputc
    printf7.o(i.__0sprintf$7) refers to printf7.o(i._printf_core) for _printf_core
    printf7.o(i.__0sprintf$7) refers to printf7.o(i._sputc) for _sputc
    printf7.o(i.__0vfprintf$7) refers to printf7.o(i._printf_core) for _printf_core
    printf7.o(i.__0vfprintf$7) refers to bsp_usart.o(.text) for fputc
    printf7.o(i.__0vprintf$7) refers to printf7.o(i._printf_core) for _printf_core
    printf7.o(i.__0vprintf$7) refers to bsp_usart.o(.text) for fputc
    printf7.o(i.__0vprintf$7) refers to stdout.o(.data) for __stdout
    printf7.o(i.__0vsnprintf$7) refers to printf7.o(i._printf_core) for _printf_core
    printf7.o(i.__0vsnprintf$7) refers to printf7.o(i._snputc) for _snputc
    printf7.o(i.__0vsprintf$7) refers to printf7.o(i._printf_core) for _printf_core
    printf7.o(i.__0vsprintf$7) refers to printf7.o(i._sputc) for _sputc
    printf7.o(i._printf_core) refers to printf7.o(i._printf_pre_padding) for _printf_pre_padding
    printf7.o(i._printf_core) refers to uldiv.o(.text) for __aeabi_uldivmod
    printf7.o(i._printf_core) refers to printf7.o(i._printf_post_padding) for _printf_post_padding
    printf8.o(i.__0fprintf$8) refers to printf8.o(i._printf_core) for _printf_core
    printf8.o(i.__0fprintf$8) refers to bsp_usart.o(.text) for fputc
    printf8.o(i.__0printf$8) refers to printf8.o(i._printf_core) for _printf_core
    printf8.o(i.__0printf$8) refers to bsp_usart.o(.text) for fputc
    printf8.o(i.__0printf$8) refers to stdout.o(.data) for __stdout
    printf8.o(i.__0snprintf$8) refers to printf8.o(i._printf_core) for _printf_core
    printf8.o(i.__0snprintf$8) refers to printf8.o(i._snputc) for _snputc
    printf8.o(i.__0sprintf$8) refers to printf8.o(i._printf_core) for _printf_core
    printf8.o(i.__0sprintf$8) refers to printf8.o(i._sputc) for _sputc
    printf8.o(i.__0vfprintf$8) refers to printf8.o(i._printf_core) for _printf_core
    printf8.o(i.__0vfprintf$8) refers to bsp_usart.o(.text) for fputc
    printf8.o(i.__0vprintf$8) refers to printf8.o(i._printf_core) for _printf_core
    printf8.o(i.__0vprintf$8) refers to bsp_usart.o(.text) for fputc
    printf8.o(i.__0vprintf$8) refers to stdout.o(.data) for __stdout
    printf8.o(i.__0vsnprintf$8) refers to printf8.o(i._printf_core) for _printf_core
    printf8.o(i.__0vsnprintf$8) refers to printf8.o(i._snputc) for _snputc
    printf8.o(i.__0vsprintf$8) refers to printf8.o(i._printf_core) for _printf_core
    printf8.o(i.__0vsprintf$8) refers to printf8.o(i._sputc) for _sputc
    printf8.o(i._printf_core) refers to printf8.o(i._printf_pre_padding) for _printf_pre_padding
    printf8.o(i._printf_core) refers to uldiv.o(.text) for __aeabi_uldivmod
    printf8.o(i._printf_core) refers to printf8.o(i._printf_post_padding) for _printf_post_padding
    printfa.o(i.__0fprintf) refers (Special) to iusefp.o(.text) for __I$use$fp
    printfa.o(i.__0fprintf) refers to printfa.o(i._printf_core) for _printf_core
    printfa.o(i.__0fprintf) refers to bsp_usart.o(.text) for fputc
    printfa.o(i.__0printf) refers (Special) to iusefp.o(.text) for __I$use$fp
    printfa.o(i.__0printf) refers to printfa.o(i._printf_core) for _printf_core
    printfa.o(i.__0printf) refers to bsp_usart.o(.text) for fputc
    printfa.o(i.__0printf) refers to stdout.o(.data) for __stdout
    printfa.o(i.__0snprintf) refers (Special) to iusefp.o(.text) for __I$use$fp
    printfa.o(i.__0snprintf) refers to printfa.o(i._printf_core) for _printf_core
    printfa.o(i.__0snprintf) refers to printfa.o(i._snputc) for _snputc
    printfa.o(i.__0sprintf) refers (Special) to iusefp.o(.text) for __I$use$fp
    printfa.o(i.__0sprintf) refers to printfa.o(i._printf_core) for _printf_core
    printfa.o(i.__0sprintf) refers to printfa.o(i._sputc) for _sputc
    printfa.o(i.__0vfprintf) refers (Special) to iusefp.o(.text) for __I$use$fp
    printfa.o(i.__0vfprintf) refers to printfa.o(i._printf_core) for _printf_core
    printfa.o(i.__0vfprintf) refers to bsp_usart.o(.text) for fputc
    printfa.o(i.__0vprintf) refers (Special) to iusefp.o(.text) for __I$use$fp
    printfa.o(i.__0vprintf) refers to printfa.o(i._printf_core) for _printf_core
    printfa.o(i.__0vprintf) refers to bsp_usart.o(.text) for fputc
    printfa.o(i.__0vprintf) refers to stdout.o(.data) for __stdout
    printfa.o(i.__0vsnprintf) refers (Special) to iusefp.o(.text) for __I$use$fp
    printfa.o(i.__0vsnprintf) refers to printfa.o(i._printf_core) for _printf_core
    printfa.o(i.__0vsnprintf) refers to printfa.o(i._snputc) for _snputc
    printfa.o(i.__0vsprintf) refers (Special) to iusefp.o(.text) for __I$use$fp
    printfa.o(i.__0vsprintf) refers to printfa.o(i._printf_core) for _printf_core
    printfa.o(i.__0vsprintf) refers to printfa.o(i._sputc) for _sputc
    printfa.o(i._fp_digits) refers (Special) to iusefp.o(.text) for __I$use$fp
    printfa.o(i._fp_digits) refers to dmul.o(.text) for __aeabi_dmul
    printfa.o(i._fp_digits) refers to ddiv.o(.text) for __aeabi_ddiv
    printfa.o(i._fp_digits) refers to cdrcmple.o(.text) for __aeabi_cdrcmple
    printfa.o(i._fp_digits) refers to dadd.o(.text) for __aeabi_dadd
    printfa.o(i._fp_digits) refers to dfixul.o(.text) for __aeabi_d2ulz
    printfa.o(i._fp_digits) refers to uldiv.o(.text) for __aeabi_uldivmod
    printfa.o(i._printf_core) refers (Special) to iusefp.o(.text) for __I$use$fp
    printfa.o(i._printf_core) refers to printfa.o(i._printf_pre_padding) for _printf_pre_padding
    printfa.o(i._printf_core) refers to uldiv.o(.text) for __aeabi_uldivmod
    printfa.o(i._printf_core) refers to printfa.o(i._printf_post_padding) for _printf_post_padding
    printfa.o(i._printf_core) refers to printfa.o(i._fp_digits) for _fp_digits
    printfa.o(i._printf_core) refers to uidiv.o(.text) for __aeabi_uidivmod
    printfa.o(i._printf_post_padding) refers (Special) to iusefp.o(.text) for __I$use$fp
    printfa.o(i._printf_pre_padding) refers (Special) to iusefp.o(.text) for __I$use$fp
    printfa.o(i._snputc) refers (Special) to iusefp.o(.text) for __I$use$fp
    printfa.o(i._sputc) refers (Special) to iusefp.o(.text) for __I$use$fp
    dadd.o(.text) refers (Special) to iusefp.o(.text) for __I$use$fp
    dadd.o(.text) refers to llshl.o(.text) for __aeabi_llsl
    dadd.o(.text) refers to llsshr.o(.text) for __aeabi_lasr
    dadd.o(.text) refers to depilogue.o(.text) for _double_epilogue
    dmul.o(.text) refers (Special) to iusefp.o(.text) for __I$use$fp
    dmul.o(.text) refers to depilogue.o(.text) for _double_epilogue
    ddiv.o(.text) refers (Special) to iusefp.o(.text) for __I$use$fp
    ddiv.o(.text) refers to depilogue.o(.text) for _double_round
    dscalb.o(.text) refers (Special) to iusefp.o(.text) for __I$use$fp
    dfltui.o(.text) refers (Special) to iusefp.o(.text) for __I$use$fp
    dfltui.o(.text) refers to depilogue.o(.text) for _double_epilogue
    entry2.o(.ARM.Collect$$$$00000001) refers to entry2.o(.ARM.Collect$$$$00002712) for __lit__00000000
    entry2.o(.ARM.Collect$$$$00002712) refers to startup_stm32f10x_hd.o(STACK) for __initial_sp
    entry2.o(__vectab_stack_and_reset_area) refers to startup_stm32f10x_hd.o(STACK) for __initial_sp
    entry2.o(__vectab_stack_and_reset_area) refers to entry.o(.ARM.Collect$$$$00000000) for __main
    entry5.o(.ARM.Collect$$$$00000004) refers to init.o(.text) for __scatterload
    entry9a.o(.ARM.Collect$$$$0000000B) refers to main.o(.text) for main
    entry9b.o(.ARM.Collect$$$$0000000C) refers to main.o(.text) for main
    uldiv.o(.text) refers to llushr.o(.text) for __aeabi_llsr
    uldiv.o(.text) refers to llshl.o(.text) for __aeabi_llsl
    depilogue.o(.text) refers to llshl.o(.text) for __aeabi_llsl
    depilogue.o(.text) refers to llushr.o(.text) for __aeabi_llsr
    dfixul.o(.text) refers to llushr.o(.text) for __aeabi_llsr
    dfixul.o(.text) refers to llshl.o(.text) for __aeabi_llsl
    init.o(.text) refers to entry5.o(.ARM.Collect$$$$00000004) for __main_after_scatterload


==============================================================================

Removing Unused input sections from the image.

    Removing startup_stm32f10x_hd.o(HEAP), (512 bytes).
    Removing core_cm3.o(.emb_text), (32 bytes).
    Removing stm32f10x_bkp.o(.text), (156 bytes).
    Removing stm32f10x_can.o(.text), (1980 bytes).
    Removing stm32f10x_cec.o(.text), (252 bytes).
    Removing stm32f10x_crc.o(.text), (64 bytes).
    Removing stm32f10x_dac.o(.text), (284 bytes).
    Removing stm32f10x_dbgmcu.o(.text), (44 bytes).
    Removing stm32f10x_dma.o(.text), (488 bytes).
    Removing stm32f10x_exti.o(.text), (236 bytes).
    Removing stm32f10x_flash.o(.text), (1188 bytes).
    Removing stm32f10x_fsmc.o(.text), (1206 bytes).
    Removing stm32f10x_i2c.o(.text), (912 bytes).
    Removing stm32f10x_iwdg.o(.text), (60 bytes).
    Removing stm32f10x_pwr.o(.text), (172 bytes).
    Removing stm32f10x_rtc.o(.text), (276 bytes).
    Removing stm32f10x_sdio.o(.text), (432 bytes).
    Removing stm32f10x_spi.o(.text), (692 bytes).
    Removing stm32f10x_tim.o(.text), (3114 bytes).
    Removing stm32f10x_wwdg.o(.text), (128 bytes).
    Removing event_groups.o(.text), (832 bytes).
    Removing queue.o(.text), (2176 bytes).
    Removing queue.o(.bss), (80 bytes).

23 unused section(s) (total 15316 bytes) removed from the image.

==============================================================================

Image Symbol Table

    Local Symbols

    Symbol Name                              Value     Ov Type        Size  Object(Section)

    ../clib/microlib/division.c              0x00000000   Number         0  uidiv.o ABSOLUTE
    ../clib/microlib/division.c              0x00000000   Number         0  uldiv.o ABSOLUTE
    ../clib/microlib/init/entry.s            0x00000000   Number         0  entry8a.o ABSOLUTE
    ../clib/microlib/init/entry.s            0x00000000   Number         0  entry5.o ABSOLUTE
    ../clib/microlib/init/entry.s            0x00000000   Number         0  entry2.o ABSOLUTE
    ../clib/microlib/init/entry.s            0x00000000   Number         0  entry7b.o ABSOLUTE
    ../clib/microlib/init/entry.s            0x00000000   Number         0  entry10b.o ABSOLUTE
    ../clib/microlib/init/entry.s            0x00000000   Number         0  entry8b.o ABSOLUTE
    ../clib/microlib/init/entry.s            0x00000000   Number         0  entry11b.o ABSOLUTE
    ../clib/microlib/init/entry.s            0x00000000   Number         0  entry7a.o ABSOLUTE
    ../clib/microlib/init/entry.s            0x00000000   Number         0  entry.o ABSOLUTE
    ../clib/microlib/init/entry.s            0x00000000   Number         0  entry9a.o ABSOLUTE
    ../clib/microlib/init/entry.s            0x00000000   Number         0  entry9b.o ABSOLUTE
    ../clib/microlib/init/entry.s            0x00000000   Number         0  entry10a.o ABSOLUTE
    ../clib/microlib/init/entry.s            0x00000000   Number         0  entry11a.o ABSOLUTE
    ../clib/microlib/longlong.c              0x00000000   Number         0  llushr.o ABSOLUTE
    ../clib/microlib/longlong.c              0x00000000   Number         0  llshl.o ABSOLUTE
    ../clib/microlib/longlong.c              0x00000000   Number         0  llsshr.o ABSOLUTE
    ../clib/microlib/printf/printf.c         0x00000000   Number         0  printfb.o ABSOLUTE
    ../clib/microlib/printf/printf.c         0x00000000   Number         0  printfa.o ABSOLUTE
    ../clib/microlib/printf/printf.c         0x00000000   Number         0  printf8.o ABSOLUTE
    ../clib/microlib/printf/printf.c         0x00000000   Number         0  printf3.o ABSOLUTE
    ../clib/microlib/printf/printf.c         0x00000000   Number         0  printf6.o ABSOLUTE
    ../clib/microlib/printf/printf.c         0x00000000   Number         0  printf5.o ABSOLUTE
    ../clib/microlib/printf/printf.c         0x00000000   Number         0  printf4.o ABSOLUTE
    ../clib/microlib/printf/printf.c         0x00000000   Number         0  printf7.o ABSOLUTE
    ../clib/microlib/printf/printf.c         0x00000000   Number         0  printf0.o ABSOLUTE
    ../clib/microlib/printf/printf.c         0x00000000   Number         0  printf1.o ABSOLUTE
    ../clib/microlib/printf/printf.c         0x00000000   Number         0  printf2.o ABSOLUTE
    ../clib/microlib/printf/stubs.s          0x00000000   Number         0  stubs.o ABSOLUTE
    ../clib/microlib/stdio/streams.c         0x00000000   Number         0  stdout.o ABSOLUTE
    ../clib/microlib/string/memcpy.c         0x00000000   Number         0  memcpyb.o ABSOLUTE
    ../clib/microlib/string/memcpy.c         0x00000000   Number         0  memcpya.o ABSOLUTE
    ../clib/microlib/string/memset.c         0x00000000   Number         0  memseta.o ABSOLUTE
    ../clib/microlib/stubs.s                 0x00000000   Number         0  iusefp.o ABSOLUTE
    ../fplib/microlib/fpadd.c                0x00000000   Number         0  dadd.o ABSOLUTE
    ../fplib/microlib/fpdiv.c                0x00000000   Number         0  ddiv.o ABSOLUTE
    ../fplib/microlib/fpepilogue.c           0x00000000   Number         0  depilogue.o ABSOLUTE
    ../fplib/microlib/fpfix.c                0x00000000   Number         0  dfixul.o ABSOLUTE
    ../fplib/microlib/fpflt.c                0x00000000   Number         0  dfltui.o ABSOLUTE
    ../fplib/microlib/fpmul.c                0x00000000   Number         0  dmul.o ABSOLUTE
    ../fplib/microlib/fpscalb.c              0x00000000   Number         0  dscalb.o ABSOLUTE
    ..\..\FreeRTOS\port\MemMang\heap_4.c     0x00000000   Number         0  heap_4.o ABSOLUTE
    ..\..\FreeRTOS\port\RVDS\ARM_CM3\port.c  0x00000000   Number         0  port.o ABSOLUTE
    ..\..\FreeRTOS\src\croutine.c            0x00000000   Number         0  croutine.o ABSOLUTE
    ..\..\FreeRTOS\src\event_groups.c        0x00000000   Number         0  event_groups.o ABSOLUTE
    ..\..\FreeRTOS\src\list.c                0x00000000   Number         0  list.o ABSOLUTE
    ..\..\FreeRTOS\src\queue.c               0x00000000   Number         0  queue.o ABSOLUTE
    ..\..\FreeRTOS\src\tasks.c               0x00000000   Number         0  tasks.o ABSOLUTE
    ..\..\FreeRTOS\src\timers.c              0x00000000   Number         0  timers.o ABSOLUTE
    ..\..\Libraries\CMSIS\core_cm3.c         0x00000000   Number         0  core_cm3.o ABSOLUTE
    ..\..\Libraries\CMSIS\startup\startup_stm32f10x_hd.s 0x00000000   Number         0  startup_stm32f10x_hd.o ABSOLUTE
    ..\..\Libraries\CMSIS\system_stm32f10x.c 0x00000000   Number         0  system_stm32f10x.o ABSOLUTE
    ..\..\Libraries\FWlib\src\misc.c         0x00000000   Number         0  misc.o ABSOLUTE
    ..\..\Libraries\FWlib\src\stm32f10x_adc.c 0x00000000   Number         0  stm32f10x_adc.o ABSOLUTE
    ..\..\Libraries\FWlib\src\stm32f10x_bkp.c 0x00000000   Number         0  stm32f10x_bkp.o ABSOLUTE
    ..\..\Libraries\FWlib\src\stm32f10x_can.c 0x00000000   Number         0  stm32f10x_can.o ABSOLUTE
    ..\..\Libraries\FWlib\src\stm32f10x_cec.c 0x00000000   Number         0  stm32f10x_cec.o ABSOLUTE
    ..\..\Libraries\FWlib\src\stm32f10x_crc.c 0x00000000   Number         0  stm32f10x_crc.o ABSOLUTE
    ..\..\Libraries\FWlib\src\stm32f10x_dac.c 0x00000000   Number         0  stm32f10x_dac.o ABSOLUTE
    ..\..\Libraries\FWlib\src\stm32f10x_dbgmcu.c 0x00000000   Number         0  stm32f10x_dbgmcu.o ABSOLUTE
    ..\..\Libraries\FWlib\src\stm32f10x_dma.c 0x00000000   Number         0  stm32f10x_dma.o ABSOLUTE
    ..\..\Libraries\FWlib\src\stm32f10x_exti.c 0x00000000   Number         0  stm32f10x_exti.o ABSOLUTE
    ..\..\Libraries\FWlib\src\stm32f10x_flash.c 0x00000000   Number         0  stm32f10x_flash.o ABSOLUTE
    ..\..\Libraries\FWlib\src\stm32f10x_fsmc.c 0x00000000   Number         0  stm32f10x_fsmc.o ABSOLUTE
    ..\..\Libraries\FWlib\src\stm32f10x_gpio.c 0x00000000   Number         0  stm32f10x_gpio.o ABSOLUTE
    ..\..\Libraries\FWlib\src\stm32f10x_i2c.c 0x00000000   Number         0  stm32f10x_i2c.o ABSOLUTE
    ..\..\Libraries\FWlib\src\stm32f10x_iwdg.c 0x00000000   Number         0  stm32f10x_iwdg.o ABSOLUTE
    ..\..\Libraries\FWlib\src\stm32f10x_pwr.c 0x00000000   Number         0  stm32f10x_pwr.o ABSOLUTE
    ..\..\Libraries\FWlib\src\stm32f10x_rcc.c 0x00000000   Number         0  stm32f10x_rcc.o ABSOLUTE
    ..\..\Libraries\FWlib\src\stm32f10x_rtc.c 0x00000000   Number         0  stm32f10x_rtc.o ABSOLUTE
    ..\..\Libraries\FWlib\src\stm32f10x_sdio.c 0x00000000   Number         0  stm32f10x_sdio.o ABSOLUTE
    ..\..\Libraries\FWlib\src\stm32f10x_spi.c 0x00000000   Number         0  stm32f10x_spi.o ABSOLUTE
    ..\..\Libraries\FWlib\src\stm32f10x_tim.c 0x00000000   Number         0  stm32f10x_tim.o ABSOLUTE
    ..\..\Libraries\FWlib\src\stm32f10x_usart.c 0x00000000   Number         0  stm32f10x_usart.o ABSOLUTE
    ..\..\Libraries\FWlib\src\stm32f10x_wwdg.c 0x00000000   Number         0  stm32f10x_wwdg.o ABSOLUTE
    ..\..\User\bsp\adc\bsp_adc.c             0x00000000   Number         0  bsp_adc.o ABSOLUTE
    ..\..\User\bsp\iic\bsp_iic.c             0x00000000   Number         0  bsp_iic.o ABSOLUTE
    ..\..\User\bsp\led\bsp_led.c             0x00000000   Number         0  bsp_led.o ABSOLUTE
    ..\..\User\bsp\usart\bsp_usart.c         0x00000000   Number         0  bsp_usart.o ABSOLUTE
    ..\..\User\main.c                        0x00000000   Number         0  main.o ABSOLUTE
    ..\..\User\stm32f10x_it.c                0x00000000   Number         0  stm32f10x_it.o ABSOLUTE
    ..\\..\\FreeRTOS\\port\\RVDS\\ARM_CM3\\port.c 0x00000000   Number         0  port.o ABSOLUTE
    ..\\..\\Libraries\\CMSIS\\core_cm3.c     0x00000000   Number         0  core_cm3.o ABSOLUTE
    cdrcmple.s                               0x00000000   Number         0  cdrcmple.o ABSOLUTE
    dc.s                                     0x00000000   Number         0  dc.o ABSOLUTE
    handlers.s                               0x00000000   Number         0  handlers.o ABSOLUTE
    init.s                                   0x00000000   Number         0  init.o ABSOLUTE
    RESET                                    0x08000000   Section      304  startup_stm32f10x_hd.o(RESET)
    .ARM.Collect$$$$00000000                 0x08000130   Section        0  entry.o(.ARM.Collect$$$$00000000)
    .ARM.Collect$$$$00000001                 0x08000130   Section        4  entry2.o(.ARM.Collect$$$$00000001)
    .ARM.Collect$$$$00000004                 0x08000134   Section        4  entry5.o(.ARM.Collect$$$$00000004)
    .ARM.Collect$$$$00000008                 0x08000138   Section        0  entry7b.o(.ARM.Collect$$$$00000008)
    .ARM.Collect$$$$0000000A                 0x08000138   Section        0  entry8b.o(.ARM.Collect$$$$0000000A)
    .ARM.Collect$$$$0000000B                 0x08000138   Section        8  entry9a.o(.ARM.Collect$$$$0000000B)
    .ARM.Collect$$$$0000000D                 0x08000140   Section        0  entry10a.o(.ARM.Collect$$$$0000000D)
    .ARM.Collect$$$$0000000F                 0x08000140   Section        0  entry11a.o(.ARM.Collect$$$$0000000F)
    .ARM.Collect$$$$00002712                 0x08000140   Section        4  entry2.o(.ARM.Collect$$$$00002712)
    __lit__00000000                          0x08000140   Data           4  entry2.o(.ARM.Collect$$$$00002712)
    .emb_text                                0x08000144   Section      150  port.o(.emb_text)
    .text                                    0x080001dc   Section       36  startup_stm32f10x_hd.o(.text)
    .text                                    0x08000200   Section        0  system_stm32f10x.o(.text)
    SetSysClockTo72                          0x08000201   Thumb Code   166  system_stm32f10x.o(.text)
    SetSysClock                              0x080002a7   Thumb Code     2  system_stm32f10x.o(.text)
    .text                                    0x08000374   Section        0  misc.o(.text)
    .text                                    0x0800042c   Section        0  stm32f10x_adc.o(.text)
    .text                                    0x080007b4   Section        0  stm32f10x_gpio.o(.text)
    .text                                    0x08000a4c   Section        0  stm32f10x_rcc.o(.text)
    .text                                    0x08000d40   Section        0  stm32f10x_usart.o(.text)
    .text                                    0x080010dc   Section        0  main.o(.text)
    USART_Task                               0x080010dd   Thumb Code    32  main.o(.text)
    FOC_PID_Task                             0x080010fd   Thumb Code   188  main.o(.text)
    AppTaskCreate                            0x080011b9   Thumb Code    66  main.o(.text)
    BSP_Init                                 0x080011fb   Thumb Code    30  main.o(.text)
    .text                                    0x080012f8   Section        0  stm32f10x_it.o(.text)
    .text                                    0x080013a0   Section        0  bsp_led.o(.text)
    .text                                    0x08001400   Section        0  bsp_usart.o(.text)
    NVIC_Configuration                       0x08001401   Thumb Code    34  bsp_usart.o(.text)
    .text                                    0x080015a0   Section        0  bsp_iic.o(.text)
    i2c_Delay                                0x080015e1   Thumb Code    12  bsp_iic.o(.text)
    .text                                    0x080017c0   Section        0  bsp_adc.o(.text)
    ADC1_Init                                0x080017c1   Thumb Code   142  bsp_adc.o(.text)
    ADC2_Init                                0x0800184f   Thumb Code   148  bsp_adc.o(.text)
    .text                                    0x080018fc   Section        0  list.o(.text)
    .text                                    0x08001984   Section        0  tasks.o(.text)
    prvInitialiseTaskLists                   0x08001985   Thumb Code    74  tasks.o(.text)
    prvAddNewTaskToReadyList                 0x080019cf   Thumb Code   124  tasks.o(.text)
    prvInitialiseNewTask                     0x08001a4b   Thumb Code   134  tasks.o(.text)
    prvResetNextTaskUnblockTime              0x08001b31   Thumb Code    30  tasks.o(.text)
    prvDeleteTCB                             0x08001b4f   Thumb Code    20  tasks.o(.text)
    prvAddCurrentTaskToDelayedList           0x08001db5   Thumb Code   102  tasks.o(.text)
    prvTaskIsTaskSuspended                   0x08002149   Thumb Code    50  tasks.o(.text)
    prvCheckTasksWaitingTermination          0x08002285   Thumb Code    76  tasks.o(.text)
    prvIdleTask                              0x080022d1   Thumb Code    30  tasks.o(.text)
    .text                                    0x08002974   Section        0  heap_4.o(.text)
    prvInsertBlockIntoFreeList               0x08002975   Thumb Code    78  heap_4.o(.text)
    prvHeapInit                              0x080029c3   Thumb Code    68  heap_4.o(.text)
    .text                                    0x08002b88   Section        0  port.o(.text)
    prvTaskExitError                         0x08002b89   Thumb Code    34  port.o(.text)
    .text                                    0x08002d74   Section        0  memseta.o(.text)
    .text                                    0x08002d98   Section        0  dadd.o(.text)
    .text                                    0x08002ee6   Section        0  dmul.o(.text)
    .text                                    0x08002fca   Section        0  ddiv.o(.text)
    .text                                    0x080030a8   Section        0  dscalb.o(.text)
    .text                                    0x080030d6   Section        0  dfltui.o(.text)
    .text                                    0x080030f0   Section        0  uidiv.o(.text)
    .text                                    0x0800311c   Section        0  uldiv.o(.text)
    .text                                    0x0800317e   Section        0  llshl.o(.text)
    .text                                    0x0800319c   Section        0  llsshr.o(.text)
    .text                                    0x080031c0   Section        0  depilogue.o(.text)
    .text                                    0x080031c0   Section        0  iusefp.o(.text)
    .text                                    0x0800327a   Section        0  dfixul.o(.text)
    .text                                    0x080032ac   Section       48  cdrcmple.o(.text)
    .text                                    0x080032dc   Section       36  init.o(.text)
    .text                                    0x08003300   Section        0  llushr.o(.text)
    i.__0printf                              0x08003320   Section        0  printfa.o(i.__0printf)
    i.__scatterload_copy                     0x08003340   Section       14  handlers.o(i.__scatterload_copy)
    i.__scatterload_null                     0x0800334e   Section        2  handlers.o(i.__scatterload_null)
    i.__scatterload_zeroinit                 0x08003350   Section       14  handlers.o(i.__scatterload_zeroinit)
    i._fp_digits                             0x08003360   Section        0  printfa.o(i._fp_digits)
    _fp_digits                               0x08003361   Thumb Code   366  printfa.o(i._fp_digits)
    i._printf_core                           0x080034e4   Section        0  printfa.o(i._printf_core)
    _printf_core                             0x080034e5   Thumb Code  1744  printfa.o(i._printf_core)
    i._printf_post_padding                   0x08003bc0   Section        0  printfa.o(i._printf_post_padding)
    _printf_post_padding                     0x08003bc1   Thumb Code    36  printfa.o(i._printf_post_padding)
    i._printf_pre_padding                    0x08003be4   Section        0  printfa.o(i._printf_pre_padding)
    _printf_pre_padding                      0x08003be5   Thumb Code    46  printfa.o(i._printf_pre_padding)
    .data                                    0x20000000   Section       20  system_stm32f10x.o(.data)
    .data                                    0x20000014   Section       20  stm32f10x_rcc.o(.data)
    ADCPrescTable                            0x20000014   Data           4  stm32f10x_rcc.o(.data)
    APBAHBPrescTable                         0x20000018   Data          16  stm32f10x_rcc.o(.data)
    .data                                    0x20000028   Section       12  main.o(.data)
    AppTaskCreate_Handle                     0x20000028   Data           4  main.o(.data)
    FOC_PID_Task_Handle                      0x2000002c   Data           4  main.o(.data)
    .data                                    0x20000034   Section        1  stm32f10x_it.o(.data)
    .data                                    0x20000038   Section       60  tasks.o(.data)
    uxDeletedTasksWaitingCleanUp             0x2000003c   Data           4  tasks.o(.data)
    uxCurrentNumberOfTasks                   0x20000040   Data           4  tasks.o(.data)
    xTickCount                               0x20000044   Data           4  tasks.o(.data)
    uxTopReadyPriority                       0x20000048   Data           4  tasks.o(.data)
    xSchedulerRunning                        0x2000004c   Data           4  tasks.o(.data)
    uxPendedTicks                            0x20000050   Data           4  tasks.o(.data)
    xYieldPending                            0x20000054   Data           4  tasks.o(.data)
    xNumOfOverflows                          0x20000058   Data           4  tasks.o(.data)
    uxTaskNumber                             0x2000005c   Data           4  tasks.o(.data)
    xNextTaskUnblockTime                     0x20000060   Data           4  tasks.o(.data)
    xIdleTaskHandle                          0x20000064   Data           4  tasks.o(.data)
    uxSchedulerSuspended                     0x20000068   Data           4  tasks.o(.data)
    pxDelayedTaskList                        0x2000006c   Data           4  tasks.o(.data)
    pxOverflowDelayedTaskList                0x20000070   Data           4  tasks.o(.data)
    .data                                    0x20000074   Section       24  heap_4.o(.data)
    pxEnd                                    0x20000074   Data           4  heap_4.o(.data)
    xFreeBytesRemaining                      0x20000078   Data           4  heap_4.o(.data)
    xMinimumEverFreeBytesRemaining           0x2000007c   Data           4  heap_4.o(.data)
    xBlockAllocatedBit                       0x20000080   Data           4  heap_4.o(.data)
    xStart                                   0x20000084   Data           8  heap_4.o(.data)
    .data                                    0x2000008c   Section       12  port.o(.data)
    ucMaxSysCallPriority                     0x2000008c   Data           1  port.o(.data)
    uxCriticalNesting                        0x20000090   Data           4  port.o(.data)
    ulMaxPRIGROUPValue                       0x20000094   Data           4  port.o(.data)
    .data                                    0x20000098   Section        4  stdout.o(.data)
    .bss                                     0x2000009c   Section       20  main.o(.bss)
    .bss                                     0x200000b0   Section      740  tasks.o(.bss)
    pxReadyTasksLists                        0x200000b0   Data         640  tasks.o(.bss)
    xDelayedTaskList1                        0x20000330   Data          20  tasks.o(.bss)
    xDelayedTaskList2                        0x20000344   Data          20  tasks.o(.bss)
    xPendingReadyList                        0x20000358   Data          20  tasks.o(.bss)
    xTasksWaitingTermination                 0x2000036c   Data          20  tasks.o(.bss)
    xSuspendedTaskList                       0x20000380   Data          20  tasks.o(.bss)
    .bss                                     0x20000394   Section    36864  heap_4.o(.bss)
    ucHeap                                   0x20000394   Data       36864  heap_4.o(.bss)
    STACK                                    0x20009398   Section     1024  startup_stm32f10x_hd.o(STACK)

    Global Symbols

    Symbol Name                              Value     Ov Type        Size  Object(Section)

    BuildAttributes$$THM_ISAv4$P$D$K$B$S$PE$A:L22UL41UL21$X:L11$S22US41US21$IEEE1$IW$USESV6$~STKCKD$USESV7$~SHL$OSPACE$ROPI$EBA8$MICROLIB$REQ8$PRES8$EABIv2 0x00000000   Number         0  anon$$obj.o ABSOLUTE
    __ARM_use_no_argv                        0x00000000   Number         0  main.o ABSOLUTE
    _printf_a                                0x00000000   Number         0  stubs.o ABSOLUTE
    _printf_c                                0x00000000   Number         0  stubs.o ABSOLUTE
    _printf_charcount                        0x00000000   Number         0  stubs.o ABSOLUTE
    _printf_d                                0x00000000   Number         0  stubs.o ABSOLUTE
    _printf_e                                0x00000000   Number         0  stubs.o ABSOLUTE
    _printf_f                                0x00000000   Number         0  stubs.o ABSOLUTE
    _printf_flags                            0x00000000   Number         0  stubs.o ABSOLUTE
    _printf_fp_dec                           0x00000000   Number         0  stubs.o ABSOLUTE
    _printf_fp_hex                           0x00000000   Number         0  stubs.o ABSOLUTE
    _printf_g                                0x00000000   Number         0  stubs.o ABSOLUTE
    _printf_i                                0x00000000   Number         0  stubs.o ABSOLUTE
    _printf_int_dec                          0x00000000   Number         0  stubs.o ABSOLUTE
    _printf_l                                0x00000000   Number         0  stubs.o ABSOLUTE
    _printf_lc                               0x00000000   Number         0  stubs.o ABSOLUTE
    _printf_ll                               0x00000000   Number         0  stubs.o ABSOLUTE
    _printf_lld                              0x00000000   Number         0  stubs.o ABSOLUTE
    _printf_lli                              0x00000000   Number         0  stubs.o ABSOLUTE
    _printf_llo                              0x00000000   Number         0  stubs.o ABSOLUTE
    _printf_llu                              0x00000000   Number         0  stubs.o ABSOLUTE
    _printf_llx                              0x00000000   Number         0  stubs.o ABSOLUTE
    _printf_longlong_dec                     0x00000000   Number         0  stubs.o ABSOLUTE
    _printf_longlong_hex                     0x00000000   Number         0  stubs.o ABSOLUTE
    _printf_longlong_oct                     0x00000000   Number         0  stubs.o ABSOLUTE
    _printf_ls                               0x00000000   Number         0  stubs.o ABSOLUTE
    _printf_mbtowc                           0x00000000   Number         0  stubs.o ABSOLUTE
    _printf_n                                0x00000000   Number         0  stubs.o ABSOLUTE
    _printf_o                                0x00000000   Number         0  stubs.o ABSOLUTE
    _printf_p                                0x00000000   Number         0  stubs.o ABSOLUTE
    _printf_percent                          0x00000000   Number         0  stubs.o ABSOLUTE
    _printf_pre_padding                      0x00000000   Number         0  stubs.o ABSOLUTE
    _printf_return_value                     0x00000000   Number         0  stubs.o ABSOLUTE
    _printf_s                                0x00000000   Number         0  stubs.o ABSOLUTE
    _printf_sizespec                         0x00000000   Number         0  stubs.o ABSOLUTE
    _printf_str                              0x00000000   Number         0  stubs.o ABSOLUTE
    _printf_truncate_signed                  0x00000000   Number         0  stubs.o ABSOLUTE
    _printf_truncate_unsigned                0x00000000   Number         0  stubs.o ABSOLUTE
    _printf_u                                0x00000000   Number         0  stubs.o ABSOLUTE
    _printf_wc                               0x00000000   Number         0  stubs.o ABSOLUTE
    _printf_wctomb                           0x00000000   Number         0  stubs.o ABSOLUTE
    _printf_widthprec                        0x00000000   Number         0  stubs.o ABSOLUTE
    _printf_x                                0x00000000   Number         0  stubs.o ABSOLUTE
    __cpp_initialize__aeabi_                  - Undefined Weak Reference
    __cxa_finalize                            - Undefined Weak Reference
    __decompress                              - Undefined Weak Reference
    _clock_init                               - Undefined Weak Reference
    _microlib_exit                            - Undefined Weak Reference
    __Vectors_Size                           0x00000130   Number         0  startup_stm32f10x_hd.o ABSOLUTE
    __Vectors                                0x08000000   Data           4  startup_stm32f10x_hd.o(RESET)
    __Vectors_End                            0x08000130   Data           0  startup_stm32f10x_hd.o(RESET)
    __main                                   0x08000131   Thumb Code     0  entry.o(.ARM.Collect$$$$00000000)
    _main_stk                                0x08000131   Thumb Code     0  entry2.o(.ARM.Collect$$$$00000001)
    _main_scatterload                        0x08000135   Thumb Code     0  entry5.o(.ARM.Collect$$$$00000004)
    __main_after_scatterload                 0x08000139   Thumb Code     0  entry5.o(.ARM.Collect$$$$00000004)
    _main_clock                              0x08000139   Thumb Code     0  entry7b.o(.ARM.Collect$$$$00000008)
    _main_cpp_init                           0x08000139   Thumb Code     0  entry8b.o(.ARM.Collect$$$$0000000A)
    _main_init                               0x08000139   Thumb Code     0  entry9a.o(.ARM.Collect$$$$0000000B)
    __rt_final_cpp                           0x08000141   Thumb Code     0  entry10a.o(.ARM.Collect$$$$0000000D)
    __rt_final_exit                          0x08000141   Thumb Code     0  entry11a.o(.ARM.Collect$$$$0000000F)
    SVC_Handler                              0x08000145   Thumb Code    32  port.o(.emb_text)
    __asm___6_port_c_39a90d8d__prvStartFirstTask 0x08000169   Thumb Code    28  port.o(.emb_text)
    PendSV_Handler                           0x08000189   Thumb Code    72  port.o(.emb_text)
    vPortGetIPSR                             0x080001d5   Thumb Code     6  port.o(.emb_text)
    Reset_Handler                            0x080001dd   Thumb Code     8  startup_stm32f10x_hd.o(.text)
    ADC1_2_IRQHandler                        0x080001f7   Thumb Code     0  startup_stm32f10x_hd.o(.text)
    ADC3_IRQHandler                          0x080001f7   Thumb Code     0  startup_stm32f10x_hd.o(.text)
    CAN1_RX1_IRQHandler                      0x080001f7   Thumb Code     0  startup_stm32f10x_hd.o(.text)
    CAN1_SCE_IRQHandler                      0x080001f7   Thumb Code     0  startup_stm32f10x_hd.o(.text)
    DMA1_Channel1_IRQHandler                 0x080001f7   Thumb Code     0  startup_stm32f10x_hd.o(.text)
    DMA1_Channel2_IRQHandler                 0x080001f7   Thumb Code     0  startup_stm32f10x_hd.o(.text)
    DMA1_Channel3_IRQHandler                 0x080001f7   Thumb Code     0  startup_stm32f10x_hd.o(.text)
    DMA1_Channel4_IRQHandler                 0x080001f7   Thumb Code     0  startup_stm32f10x_hd.o(.text)
    DMA1_Channel5_IRQHandler                 0x080001f7   Thumb Code     0  startup_stm32f10x_hd.o(.text)
    DMA1_Channel6_IRQHandler                 0x080001f7   Thumb Code     0  startup_stm32f10x_hd.o(.text)
    DMA1_Channel7_IRQHandler                 0x080001f7   Thumb Code     0  startup_stm32f10x_hd.o(.text)
    DMA2_Channel1_IRQHandler                 0x080001f7   Thumb Code     0  startup_stm32f10x_hd.o(.text)
    DMA2_Channel2_IRQHandler                 0x080001f7   Thumb Code     0  startup_stm32f10x_hd.o(.text)
    DMA2_Channel3_IRQHandler                 0x080001f7   Thumb Code     0  startup_stm32f10x_hd.o(.text)
    DMA2_Channel4_5_IRQHandler               0x080001f7   Thumb Code     0  startup_stm32f10x_hd.o(.text)
    EXTI0_IRQHandler                         0x080001f7   Thumb Code     0  startup_stm32f10x_hd.o(.text)
    EXTI15_10_IRQHandler                     0x080001f7   Thumb Code     0  startup_stm32f10x_hd.o(.text)
    EXTI1_IRQHandler                         0x080001f7   Thumb Code     0  startup_stm32f10x_hd.o(.text)
    EXTI2_IRQHandler                         0x080001f7   Thumb Code     0  startup_stm32f10x_hd.o(.text)
    EXTI3_IRQHandler                         0x080001f7   Thumb Code     0  startup_stm32f10x_hd.o(.text)
    EXTI4_IRQHandler                         0x080001f7   Thumb Code     0  startup_stm32f10x_hd.o(.text)
    EXTI9_5_IRQHandler                       0x080001f7   Thumb Code     0  startup_stm32f10x_hd.o(.text)
    FLASH_IRQHandler                         0x080001f7   Thumb Code     0  startup_stm32f10x_hd.o(.text)
    FSMC_IRQHandler                          0x080001f7   Thumb Code     0  startup_stm32f10x_hd.o(.text)
    I2C1_ER_IRQHandler                       0x080001f7   Thumb Code     0  startup_stm32f10x_hd.o(.text)
    I2C1_EV_IRQHandler                       0x080001f7   Thumb Code     0  startup_stm32f10x_hd.o(.text)
    I2C2_ER_IRQHandler                       0x080001f7   Thumb Code     0  startup_stm32f10x_hd.o(.text)
    I2C2_EV_IRQHandler                       0x080001f7   Thumb Code     0  startup_stm32f10x_hd.o(.text)
    PVD_IRQHandler                           0x080001f7   Thumb Code     0  startup_stm32f10x_hd.o(.text)
    RCC_IRQHandler                           0x080001f7   Thumb Code     0  startup_stm32f10x_hd.o(.text)
    RTCAlarm_IRQHandler                      0x080001f7   Thumb Code     0  startup_stm32f10x_hd.o(.text)
    RTC_IRQHandler                           0x080001f7   Thumb Code     0  startup_stm32f10x_hd.o(.text)
    SDIO_IRQHandler                          0x080001f7   Thumb Code     0  startup_stm32f10x_hd.o(.text)
    SPI1_IRQHandler                          0x080001f7   Thumb Code     0  startup_stm32f10x_hd.o(.text)
    SPI2_IRQHandler                          0x080001f7   Thumb Code     0  startup_stm32f10x_hd.o(.text)
    SPI3_IRQHandler                          0x080001f7   Thumb Code     0  startup_stm32f10x_hd.o(.text)
    TAMPER_IRQHandler                        0x080001f7   Thumb Code     0  startup_stm32f10x_hd.o(.text)
    TIM1_BRK_IRQHandler                      0x080001f7   Thumb Code     0  startup_stm32f10x_hd.o(.text)
    TIM1_CC_IRQHandler                       0x080001f7   Thumb Code     0  startup_stm32f10x_hd.o(.text)
    TIM1_TRG_COM_IRQHandler                  0x080001f7   Thumb Code     0  startup_stm32f10x_hd.o(.text)
    TIM1_UP_IRQHandler                       0x080001f7   Thumb Code     0  startup_stm32f10x_hd.o(.text)
    TIM2_IRQHandler                          0x080001f7   Thumb Code     0  startup_stm32f10x_hd.o(.text)
    TIM3_IRQHandler                          0x080001f7   Thumb Code     0  startup_stm32f10x_hd.o(.text)
    TIM4_IRQHandler                          0x080001f7   Thumb Code     0  startup_stm32f10x_hd.o(.text)
    TIM5_IRQHandler                          0x080001f7   Thumb Code     0  startup_stm32f10x_hd.o(.text)
    TIM6_IRQHandler                          0x080001f7   Thumb Code     0  startup_stm32f10x_hd.o(.text)
    TIM7_IRQHandler                          0x080001f7   Thumb Code     0  startup_stm32f10x_hd.o(.text)
    TIM8_BRK_IRQHandler                      0x080001f7   Thumb Code     0  startup_stm32f10x_hd.o(.text)
    TIM8_CC_IRQHandler                       0x080001f7   Thumb Code     0  startup_stm32f10x_hd.o(.text)
    TIM8_TRG_COM_IRQHandler                  0x080001f7   Thumb Code     0  startup_stm32f10x_hd.o(.text)
    TIM8_UP_IRQHandler                       0x080001f7   Thumb Code     0  startup_stm32f10x_hd.o(.text)
    UART4_IRQHandler                         0x080001f7   Thumb Code     0  startup_stm32f10x_hd.o(.text)
    UART5_IRQHandler                         0x080001f7   Thumb Code     0  startup_stm32f10x_hd.o(.text)
    USART2_IRQHandler                        0x080001f7   Thumb Code     0  startup_stm32f10x_hd.o(.text)
    USART3_IRQHandler                        0x080001f7   Thumb Code     0  startup_stm32f10x_hd.o(.text)
    USBWakeUp_IRQHandler                     0x080001f7   Thumb Code     0  startup_stm32f10x_hd.o(.text)
    USB_HP_CAN1_TX_IRQHandler                0x080001f7   Thumb Code     0  startup_stm32f10x_hd.o(.text)
    USB_LP_CAN1_RX0_IRQHandler               0x080001f7   Thumb Code     0  startup_stm32f10x_hd.o(.text)
    WWDG_IRQHandler                          0x080001f7   Thumb Code     0  startup_stm32f10x_hd.o(.text)
    SystemInit                               0x080002a9   Thumb Code    64  system_stm32f10x.o(.text)
    SystemCoreClockUpdate                    0x080002e9   Thumb Code   106  system_stm32f10x.o(.text)
    NVIC_PriorityGroupConfig                 0x08000375   Thumb Code    10  misc.o(.text)
    NVIC_Init                                0x0800037f   Thumb Code    96  misc.o(.text)
    NVIC_SetVectorTable                      0x080003df   Thumb Code    14  misc.o(.text)
    NVIC_SystemLPConfig                      0x080003ed   Thumb Code    24  misc.o(.text)
    SysTick_CLKSourceConfig                  0x08000405   Thumb Code    28  misc.o(.text)
    ADC_DeInit                               0x0800042d   Thumb Code    88  stm32f10x_adc.o(.text)
    ADC_Init                                 0x08000485   Thumb Code    62  stm32f10x_adc.o(.text)
    ADC_StructInit                           0x080004c3   Thumb Code    18  stm32f10x_adc.o(.text)
    ADC_Cmd                                  0x080004d5   Thumb Code    24  stm32f10x_adc.o(.text)
    ADC_DMACmd                               0x080004ed   Thumb Code    24  stm32f10x_adc.o(.text)
    ADC_ITConfig                             0x08000505   Thumb Code    22  stm32f10x_adc.o(.text)
    ADC_ResetCalibration                     0x0800051b   Thumb Code    10  stm32f10x_adc.o(.text)
    ADC_GetResetCalibrationStatus            0x08000525   Thumb Code    14  stm32f10x_adc.o(.text)
    ADC_StartCalibration                     0x08000533   Thumb Code    10  stm32f10x_adc.o(.text)
    ADC_GetCalibrationStatus                 0x0800053d   Thumb Code    14  stm32f10x_adc.o(.text)
    ADC_SoftwareStartConvCmd                 0x0800054b   Thumb Code    24  stm32f10x_adc.o(.text)
    ADC_GetSoftwareStartConvStatus           0x08000563   Thumb Code    14  stm32f10x_adc.o(.text)
    ADC_DiscModeChannelCountConfig           0x08000571   Thumb Code    16  stm32f10x_adc.o(.text)
    ADC_DiscModeCmd                          0x08000581   Thumb Code    24  stm32f10x_adc.o(.text)
    ADC_RegularChannelConfig                 0x08000599   Thumb Code   116  stm32f10x_adc.o(.text)
    ADC_ExternalTrigConvCmd                  0x0800060d   Thumb Code    24  stm32f10x_adc.o(.text)
    ADC_GetConversionValue                   0x08000625   Thumb Code     6  stm32f10x_adc.o(.text)
    ADC_GetDualModeConversionValue           0x0800062b   Thumb Code     8  stm32f10x_adc.o(.text)
    ADC_AutoInjectedConvCmd                  0x08000633   Thumb Code    24  stm32f10x_adc.o(.text)
    ADC_InjectedDiscModeCmd                  0x0800064b   Thumb Code    24  stm32f10x_adc.o(.text)
    ADC_ExternalTrigInjectedConvConfig       0x08000663   Thumb Code    12  stm32f10x_adc.o(.text)
    ADC_ExternalTrigInjectedConvCmd          0x0800066f   Thumb Code    24  stm32f10x_adc.o(.text)
    ADC_SoftwareStartInjectedConvCmd         0x08000687   Thumb Code    24  stm32f10x_adc.o(.text)
    ADC_GetSoftwareStartInjectedConvCmdStatus 0x0800069f   Thumb Code    14  stm32f10x_adc.o(.text)
    ADC_InjectedChannelConfig                0x080006ad   Thumb Code    74  stm32f10x_adc.o(.text)
    ADC_InjectedSequencerLengthConfig        0x080006f7   Thumb Code    16  stm32f10x_adc.o(.text)
    ADC_SetInjectedOffset                    0x08000707   Thumb Code    16  stm32f10x_adc.o(.text)
    ADC_GetInjectedConversionValue           0x08000717   Thumb Code    20  stm32f10x_adc.o(.text)
    ADC_AnalogWatchdogCmd                    0x0800072b   Thumb Code    12  stm32f10x_adc.o(.text)
    ADC_AnalogWatchdogThresholdsConfig       0x08000737   Thumb Code     6  stm32f10x_adc.o(.text)
    ADC_AnalogWatchdogSingleChannelConfig    0x0800073d   Thumb Code    12  stm32f10x_adc.o(.text)
    ADC_TempSensorVrefintCmd                 0x08000749   Thumb Code    28  stm32f10x_adc.o(.text)
    ADC_GetFlagStatus                        0x08000765   Thumb Code    14  stm32f10x_adc.o(.text)
    ADC_ClearFlag                            0x08000773   Thumb Code     6  stm32f10x_adc.o(.text)
    ADC_GetITStatus                          0x08000779   Thumb Code    28  stm32f10x_adc.o(.text)
    ADC_ClearITPendingBit                    0x08000795   Thumb Code     8  stm32f10x_adc.o(.text)
    GPIO_DeInit                              0x080007b5   Thumb Code   188  stm32f10x_gpio.o(.text)
    GPIO_AFIODeInit                          0x08000871   Thumb Code    22  stm32f10x_gpio.o(.text)
    GPIO_Init                                0x08000887   Thumb Code   166  stm32f10x_gpio.o(.text)
    GPIO_StructInit                          0x0800092d   Thumb Code    16  stm32f10x_gpio.o(.text)
    GPIO_ReadInputDataBit                    0x0800093d   Thumb Code    14  stm32f10x_gpio.o(.text)
    GPIO_ReadInputData                       0x0800094b   Thumb Code     6  stm32f10x_gpio.o(.text)
    GPIO_ReadOutputDataBit                   0x08000951   Thumb Code    14  stm32f10x_gpio.o(.text)
    GPIO_ReadOutputData                      0x0800095f   Thumb Code     6  stm32f10x_gpio.o(.text)
    GPIO_SetBits                             0x08000965   Thumb Code     4  stm32f10x_gpio.o(.text)
    GPIO_ResetBits                           0x08000969   Thumb Code     4  stm32f10x_gpio.o(.text)
    GPIO_WriteBit                            0x0800096d   Thumb Code    12  stm32f10x_gpio.o(.text)
    GPIO_Write                               0x08000979   Thumb Code     4  stm32f10x_gpio.o(.text)
    GPIO_PinLockConfig                       0x0800097d   Thumb Code    16  stm32f10x_gpio.o(.text)
    GPIO_EventOutputConfig                   0x0800098d   Thumb Code    22  stm32f10x_gpio.o(.text)
    GPIO_EventOutputCmd                      0x080009a3   Thumb Code     6  stm32f10x_gpio.o(.text)
    GPIO_PinRemapConfig                      0x080009a9   Thumb Code    86  stm32f10x_gpio.o(.text)
    GPIO_EXTILineConfig                      0x080009ff   Thumb Code    34  stm32f10x_gpio.o(.text)
    GPIO_ETH_MediaInterfaceConfig            0x08000a21   Thumb Code     8  stm32f10x_gpio.o(.text)
    RCC_DeInit                               0x08000a4d   Thumb Code    50  stm32f10x_rcc.o(.text)
    RCC_HSEConfig                            0x08000a7f   Thumb Code    50  stm32f10x_rcc.o(.text)
    RCC_GetFlagStatus                        0x08000ab1   Thumb Code    42  stm32f10x_rcc.o(.text)
    RCC_WaitForHSEStartUp                    0x08000adb   Thumb Code    48  stm32f10x_rcc.o(.text)
    RCC_AdjustHSICalibrationValue            0x08000b0b   Thumb Code    16  stm32f10x_rcc.o(.text)
    RCC_HSICmd                               0x08000b1b   Thumb Code     6  stm32f10x_rcc.o(.text)
    RCC_PLLConfig                            0x08000b21   Thumb Code    16  stm32f10x_rcc.o(.text)
    RCC_PLLCmd                               0x08000b31   Thumb Code     6  stm32f10x_rcc.o(.text)
    RCC_SYSCLKConfig                         0x08000b37   Thumb Code    14  stm32f10x_rcc.o(.text)
    RCC_GetSYSCLKSource                      0x08000b45   Thumb Code    10  stm32f10x_rcc.o(.text)
    RCC_HCLKConfig                           0x08000b4f   Thumb Code    14  stm32f10x_rcc.o(.text)
    RCC_PCLK1Config                          0x08000b5d   Thumb Code    14  stm32f10x_rcc.o(.text)
    RCC_PCLK2Config                          0x08000b6b   Thumb Code    16  stm32f10x_rcc.o(.text)
    RCC_ITConfig                             0x08000b7b   Thumb Code    22  stm32f10x_rcc.o(.text)
    RCC_USBCLKConfig                         0x08000b91   Thumb Code     8  stm32f10x_rcc.o(.text)
    RCC_ADCCLKConfig                         0x08000b99   Thumb Code    14  stm32f10x_rcc.o(.text)
    RCC_LSEConfig                            0x08000ba7   Thumb Code    36  stm32f10x_rcc.o(.text)
    RCC_LSICmd                               0x08000bcb   Thumb Code     6  stm32f10x_rcc.o(.text)
    RCC_RTCCLKConfig                         0x08000bd1   Thumb Code    10  stm32f10x_rcc.o(.text)
    RCC_RTCCLKCmd                            0x08000bdb   Thumb Code     8  stm32f10x_rcc.o(.text)
    RCC_GetClocksFreq                        0x08000be3   Thumb Code   154  stm32f10x_rcc.o(.text)
    RCC_AHBPeriphClockCmd                    0x08000c7d   Thumb Code    22  stm32f10x_rcc.o(.text)
    RCC_APB2PeriphClockCmd                   0x08000c93   Thumb Code    22  stm32f10x_rcc.o(.text)
    RCC_APB1PeriphClockCmd                   0x08000ca9   Thumb Code    22  stm32f10x_rcc.o(.text)
    RCC_APB2PeriphResetCmd                   0x08000cbf   Thumb Code    22  stm32f10x_rcc.o(.text)
    RCC_APB1PeriphResetCmd                   0x08000cd5   Thumb Code    22  stm32f10x_rcc.o(.text)
    RCC_BackupResetCmd                       0x08000ceb   Thumb Code     8  stm32f10x_rcc.o(.text)
    RCC_ClockSecuritySystemCmd               0x08000cf3   Thumb Code     6  stm32f10x_rcc.o(.text)
    RCC_MCOConfig                            0x08000cf9   Thumb Code     6  stm32f10x_rcc.o(.text)
    RCC_ClearFlag                            0x08000cff   Thumb Code    12  stm32f10x_rcc.o(.text)
    RCC_GetITStatus                          0x08000d0b   Thumb Code    16  stm32f10x_rcc.o(.text)
    RCC_ClearITPendingBit                    0x08000d1b   Thumb Code     6  stm32f10x_rcc.o(.text)
    USART_DeInit                             0x08000d41   Thumb Code   144  stm32f10x_usart.o(.text)
    USART_Init                               0x08000dd1   Thumb Code   182  stm32f10x_usart.o(.text)
    USART_StructInit                         0x08000e87   Thumb Code    22  stm32f10x_usart.o(.text)
    USART_ClockInit                          0x08000e9d   Thumb Code    30  stm32f10x_usart.o(.text)
    USART_ClockStructInit                    0x08000ebb   Thumb Code    12  stm32f10x_usart.o(.text)
    USART_Cmd                                0x08000ec7   Thumb Code    24  stm32f10x_usart.o(.text)
    USART_ITConfig                           0x08000edf   Thumb Code    54  stm32f10x_usart.o(.text)
    USART_DMACmd                             0x08000f15   Thumb Code    20  stm32f10x_usart.o(.text)
    USART_SetAddress                         0x08000f29   Thumb Code    16  stm32f10x_usart.o(.text)
    USART_WakeUpConfig                       0x08000f39   Thumb Code    16  stm32f10x_usart.o(.text)
    USART_ReceiverWakeUpCmd                  0x08000f49   Thumb Code    24  stm32f10x_usart.o(.text)
    USART_LINBreakDetectLengthConfig         0x08000f61   Thumb Code    16  stm32f10x_usart.o(.text)
    USART_LINCmd                             0x08000f71   Thumb Code    24  stm32f10x_usart.o(.text)
    USART_SendData                           0x08000f89   Thumb Code     8  stm32f10x_usart.o(.text)
    USART_ReceiveData                        0x08000f91   Thumb Code     8  stm32f10x_usart.o(.text)
    USART_SendBreak                          0x08000f99   Thumb Code    10  stm32f10x_usart.o(.text)
    USART_SetGuardTime                       0x08000fa3   Thumb Code    16  stm32f10x_usart.o(.text)
    USART_SetPrescaler                       0x08000fb3   Thumb Code    16  stm32f10x_usart.o(.text)
    USART_SmartCardCmd                       0x08000fc3   Thumb Code    24  stm32f10x_usart.o(.text)
    USART_SmartCardNACKCmd                   0x08000fdb   Thumb Code    24  stm32f10x_usart.o(.text)
    USART_HalfDuplexCmd                      0x08000ff3   Thumb Code    24  stm32f10x_usart.o(.text)
    USART_OverSampling8Cmd                   0x0800100b   Thumb Code    24  stm32f10x_usart.o(.text)
    USART_OneBitMethodCmd                    0x08001023   Thumb Code    24  stm32f10x_usart.o(.text)
    USART_IrDAConfig                         0x0800103b   Thumb Code    16  stm32f10x_usart.o(.text)
    USART_IrDACmd                            0x0800104b   Thumb Code    24  stm32f10x_usart.o(.text)
    USART_GetFlagStatus                      0x08001063   Thumb Code    14  stm32f10x_usart.o(.text)
    USART_ClearFlag                          0x08001071   Thumb Code     8  stm32f10x_usart.o(.text)
    USART_GetITStatus                        0x08001079   Thumb Code    64  stm32f10x_usart.o(.text)
    USART_ClearITPendingBit                  0x080010b9   Thumb Code    16  stm32f10x_usart.o(.text)
    main                                     0x08001219   Thumb Code    50  main.o(.text)
    NMI_Handler                              0x080012f9   Thumb Code     2  stm32f10x_it.o(.text)
    HardFault_Handler                        0x080012fb   Thumb Code     2  stm32f10x_it.o(.text)
    MemManage_Handler                        0x080012fd   Thumb Code     2  stm32f10x_it.o(.text)
    BusFault_Handler                         0x080012ff   Thumb Code     2  stm32f10x_it.o(.text)
    UsageFault_Handler                       0x08001301   Thumb Code     2  stm32f10x_it.o(.text)
    DebugMon_Handler                         0x08001303   Thumb Code     2  stm32f10x_it.o(.text)
    SysTick_Handler                          0x08001305   Thumb Code    20  stm32f10x_it.o(.text)
    USART1_IRQHandler                        0x08001319   Thumb Code   118  stm32f10x_it.o(.text)
    LED_GPIO_Config                          0x080013a1   Thumb Code    92  bsp_led.o(.text)
    USART_Config                             0x08001423   Thumb Code   146  bsp_usart.o(.text)
    USART1_Init                              0x080014b5   Thumb Code    12  bsp_usart.o(.text)
    Usart_SendByte                           0x080014c1   Thumb Code    24  bsp_usart.o(.text)
    Usart_SendArray                          0x080014d9   Thumb Code    46  bsp_usart.o(.text)
    Usart_SendString                         0x08001507   Thumb Code    38  bsp_usart.o(.text)
    Usart_SendHalfWord                       0x0800152d   Thumb Code    50  bsp_usart.o(.text)
    fputc                                    0x0800155f   Thumb Code    30  bsp_usart.o(.text)
    fgetc                                    0x0800157d   Thumb Code    26  bsp_usart.o(.text)
    IIC_GPIO_Config                          0x080015a1   Thumb Code    64  bsp_iic.o(.text)
    i2c_Start                                0x080015ed   Thumb Code    50  bsp_iic.o(.text)
    i2c_Stop                                 0x0800161f   Thumb Code    36  bsp_iic.o(.text)
    i2c_SendByte                             0x08001643   Thumb Code    84  bsp_iic.o(.text)
    i2c_ReadByte                             0x08001697   Thumb Code    62  bsp_iic.o(.text)
    i2c_WaitAck                              0x080016d5   Thumb Code    60  bsp_iic.o(.text)
    i2c_Ack                                  0x08001711   Thumb Code    52  bsp_iic.o(.text)
    i2c_NAck                                 0x08001745   Thumb Code    42  bsp_iic.o(.text)
    AS5600_ReadOneByte                       0x0800176f   Thumb Code    56  bsp_iic.o(.text)
    AS5600_ReadTwoByte                       0x080017a7   Thumb Code    22  bsp_iic.o(.text)
    ADC_Config                               0x080018e3   Thumb Code    12  bsp_adc.o(.text)
    vListInitialise                          0x080018fd   Thumb Code    22  list.o(.text)
    vListInitialiseItem                      0x08001913   Thumb Code     6  list.o(.text)
    vListInsertEnd                           0x08001919   Thumb Code    24  list.o(.text)
    vListInsert                              0x08001931   Thumb Code    48  list.o(.text)
    uxListRemove                             0x08001961   Thumb Code    36  list.o(.text)
    xTaskCreate                              0x08001ad1   Thumb Code    96  tasks.o(.text)
    vTaskDelete                              0x08001b63   Thumb Code   154  tasks.o(.text)
    xTaskIncrementTick                       0x08001bfd   Thumb Code   192  tasks.o(.text)
    xTaskResumeAll                           0x08001cbd   Thumb Code   248  tasks.o(.text)
    vTaskSuspendAll                          0x08001e1b   Thumb Code    10  tasks.o(.text)
    vTaskDelayUntil                          0x08001e25   Thumb Code   144  tasks.o(.text)
    vTaskDelay                               0x08001eb5   Thumb Code    70  tasks.o(.text)
    eTaskGetState                            0x08001efb   Thumb Code    98  tasks.o(.text)
    uxTaskPriorityGet                        0x08001f5d   Thumb Code    24  tasks.o(.text)
    uxTaskPriorityGetFromISR                 0x08001f75   Thumb Code    40  tasks.o(.text)
    vTaskPrioritySet                         0x08001f9d   Thumb Code   184  tasks.o(.text)
    vTaskSwitchContext                       0x08002055   Thumb Code    88  tasks.o(.text)
    vTaskSuspend                             0x080020ad   Thumb Code   156  tasks.o(.text)
    vTaskResume                              0x0800217b   Thumb Code   136  tasks.o(.text)
    xTaskResumeFromISR                       0x08002203   Thumb Code   130  tasks.o(.text)
    vTaskStartScheduler                      0x080022ef   Thumb Code    92  tasks.o(.text)
    vTaskEndScheduler                        0x0800234b   Thumb Code    24  tasks.o(.text)
    xTaskGetTickCount                        0x08002363   Thumb Code     6  tasks.o(.text)
    xTaskGetTickCountFromISR                 0x08002369   Thumb Code    12  tasks.o(.text)
    uxTaskGetNumberOfTasks                   0x08002375   Thumb Code     6  tasks.o(.text)
    pcTaskGetName                            0x0800237b   Thumb Code    40  tasks.o(.text)
    vTaskPlaceOnEventList                    0x080023a3   Thumb Code    48  tasks.o(.text)
    vTaskPlaceOnUnorderedEventList           0x080023d3   Thumb Code    80  tasks.o(.text)
    xTaskRemoveFromEventList                 0x08002423   Thumb Code   110  tasks.o(.text)
    xTaskRemoveFromUnorderedEventList        0x08002491   Thumb Code   118  tasks.o(.text)
    vTaskSetTimeOutState                     0x08002507   Thumb Code    36  tasks.o(.text)
    xTaskCheckForTimeOut                     0x0800252b   Thumb Code   112  tasks.o(.text)
    vTaskMissedYield                         0x0800259b   Thumb Code     8  tasks.o(.text)
    xTaskGetSchedulerState                   0x080025a3   Thumb Code    54  tasks.o(.text)
    uxTaskResetEventItemValue                0x080025d9   Thumb Code    20  tasks.o(.text)
    ulTaskNotifyTake                         0x080025ed   Thumb Code    96  tasks.o(.text)
    xTaskNotifyWait                          0x0800264d   Thumb Code   134  tasks.o(.text)
    xTaskGenericNotify                       0x080026d3   Thumb Code   194  tasks.o(.text)
    xTaskGenericNotifyFromISR                0x08002795   Thumb Code   242  tasks.o(.text)
    vTaskNotifyGiveFromISR                   0x08002887   Thumb Code   174  tasks.o(.text)
    xTaskNotifyStateClear                    0x08002935   Thumb Code    46  tasks.o(.text)
    pvPortMalloc                             0x08002a07   Thumb Code   206  heap_4.o(.text)
    vPortFree                                0x08002ad5   Thumb Code    96  heap_4.o(.text)
    xPortGetFreeHeapSize                     0x08002b35   Thumb Code     8  heap_4.o(.text)
    xPortGetMinimumEverFreeHeapSize          0x08002b3d   Thumb Code     8  heap_4.o(.text)
    vPortInitialiseBlocks                    0x08002b45   Thumb Code     2  heap_4.o(.text)
    pxPortInitialiseStack                    0x08002bab   Thumb Code    24  port.o(.text)
    vPortSetupTimerInterrupt                 0x08002bc3   Thumb Code    26  port.o(.text)
    xPortStartScheduler                      0x08002bdd   Thumb Code   104  port.o(.text)
    vPortEndScheduler                        0x08002c45   Thumb Code    24  port.o(.text)
    vPortEnterCritical                       0x08002c5d   Thumb Code    52  port.o(.text)
    vPortExitCritical                        0x08002c91   Thumb Code    38  port.o(.text)
    xPortSysTickHandler                      0x08002cb7   Thumb Code    40  port.o(.text)
    vPortValidateInterruptPriority           0x08002cdf   Thumb Code    72  port.o(.text)
    __aeabi_memset                           0x08002d75   Thumb Code    14  memseta.o(.text)
    __aeabi_memset4                          0x08002d75   Thumb Code     0  memseta.o(.text)
    __aeabi_memset8                          0x08002d75   Thumb Code     0  memseta.o(.text)
    __aeabi_memclr                           0x08002d83   Thumb Code     4  memseta.o(.text)
    __aeabi_memclr4                          0x08002d83   Thumb Code     0  memseta.o(.text)
    __aeabi_memclr8                          0x08002d83   Thumb Code     0  memseta.o(.text)
    _memset$wrapper                          0x08002d87   Thumb Code    18  memseta.o(.text)
    __aeabi_dadd                             0x08002d99   Thumb Code   322  dadd.o(.text)
    __aeabi_dsub                             0x08002edb   Thumb Code     6  dadd.o(.text)
    __aeabi_drsub                            0x08002ee1   Thumb Code     6  dadd.o(.text)
    __aeabi_dmul                             0x08002ee7   Thumb Code   228  dmul.o(.text)
    __aeabi_ddiv                             0x08002fcb   Thumb Code   222  ddiv.o(.text)
    __ARM_scalbn                             0x080030a9   Thumb Code    46  dscalb.o(.text)
    scalbn                                   0x080030a9   Thumb Code     0  dscalb.o(.text)
    __aeabi_ui2d                             0x080030d7   Thumb Code    26  dfltui.o(.text)
    __aeabi_uidiv                            0x080030f1   Thumb Code     0  uidiv.o(.text)
    __aeabi_uidivmod                         0x080030f1   Thumb Code    44  uidiv.o(.text)
    __aeabi_uldivmod                         0x0800311d   Thumb Code    98  uldiv.o(.text)
    __aeabi_llsl                             0x0800317f   Thumb Code    30  llshl.o(.text)
    _ll_shift_l                              0x0800317f   Thumb Code     0  llshl.o(.text)
    __aeabi_lasr                             0x0800319d   Thumb Code    36  llsshr.o(.text)
    _ll_sshift_r                             0x0800319d   Thumb Code     0  llsshr.o(.text)
    __I$use$fp                               0x080031c1   Thumb Code     0  iusefp.o(.text)
    _double_round                            0x080031c1   Thumb Code    30  depilogue.o(.text)
    _double_epilogue                         0x080031df   Thumb Code   156  depilogue.o(.text)
    __aeabi_d2ulz                            0x0800327b   Thumb Code    48  dfixul.o(.text)
    __aeabi_cdrcmple                         0x080032ad   Thumb Code    48  cdrcmple.o(.text)
    __scatterload                            0x080032dd   Thumb Code    28  init.o(.text)
    __scatterload_rt2                        0x080032dd   Thumb Code     0  init.o(.text)
    __aeabi_llsr                             0x08003301   Thumb Code    32  llushr.o(.text)
    _ll_ushift_r                             0x08003301   Thumb Code     0  llushr.o(.text)
    __0printf                                0x08003321   Thumb Code    22  printfa.o(i.__0printf)
    __1printf                                0x08003321   Thumb Code     0  printfa.o(i.__0printf)
    __2printf                                0x08003321   Thumb Code     0  printfa.o(i.__0printf)
    __c89printf                              0x08003321   Thumb Code     0  printfa.o(i.__0printf)
    printf                                   0x08003321   Thumb Code     0  printfa.o(i.__0printf)
    __scatterload_copy                       0x08003341   Thumb Code    14  handlers.o(i.__scatterload_copy)
    __scatterload_null                       0x0800334f   Thumb Code     2  handlers.o(i.__scatterload_null)
    __scatterload_zeroinit                   0x08003351   Thumb Code    14  handlers.o(i.__scatterload_zeroinit)
    Region$$Table$$Base                      0x08003c14   Number         0  anon$$obj.o(Region$$Table)
    Region$$Table$$Limit                     0x08003c34   Number         0  anon$$obj.o(Region$$Table)
    SystemCoreClock                          0x20000000   Data           4  system_stm32f10x.o(.data)
    AHBPrescTable                            0x20000004   Data          16  system_stm32f10x.o(.data)
    USART_Task_Handle                        0x20000030   Data           4  main.o(.data)
    RX_T                                     0x20000034   Data           1  stm32f10x_it.o(.data)
    pxCurrentTCB                             0x20000038   Data           4  tasks.o(.data)
    __stdout                                 0x20000098   Data           4  stdout.o(.data)
    Usart_Rx_Buf                             0x2000009c   Data          20  main.o(.bss)
    __initial_sp                             0x20009798   Data           0  startup_stm32f10x_hd.o(STACK)



==============================================================================

Memory Map of the image

  Image Entry point : 0x08000131

  Load Region LR_IROM1 (Base: 0x08000000, Size: 0x00003cd0, Max: 0x00080000, ABSOLUTE)

    Execution Region ER_IROM1 (Exec base: 0x08000000, Load base: 0x08000000, Size: 0x00003c34, Max: 0x00080000, ABSOLUTE)

    Exec Addr    Load Addr    Size         Type   Attr      Idx    E Section Name        Object

    0x08000000   0x08000000   0x00000130   Data   RO            3    RESET               startup_stm32f10x_hd.o
    0x08000130   0x08000130   0x00000000   Code   RO          709  * .ARM.Collect$$$$00000000  mc_w.l(entry.o)
    0x08000130   0x08000130   0x00000004   Code   RO          989    .ARM.Collect$$$$00000001  mc_w.l(entry2.o)
    0x08000134   0x08000134   0x00000004   Code   RO          992    .ARM.Collect$$$$00000004  mc_w.l(entry5.o)
    0x08000138   0x08000138   0x00000000   Code   RO          994    .ARM.Collect$$$$00000008  mc_w.l(entry7b.o)
    0x08000138   0x08000138   0x00000000   Code   RO          996    .ARM.Collect$$$$0000000A  mc_w.l(entry8b.o)
    0x08000138   0x08000138   0x00000008   Code   RO          997    .ARM.Collect$$$$0000000B  mc_w.l(entry9a.o)
    0x08000140   0x08000140   0x00000000   Code   RO          999    .ARM.Collect$$$$0000000D  mc_w.l(entry10a.o)
    0x08000140   0x08000140   0x00000000   Code   RO         1001    .ARM.Collect$$$$0000000F  mc_w.l(entry11a.o)
    0x08000140   0x08000140   0x00000004   Code   RO          990    .ARM.Collect$$$$00002712  mc_w.l(entry2.o)
    0x08000144   0x08000144   0x00000096   Code   RO          679    .emb_text           port.o
    0x080001da   0x080001da   0x00000002   PAD
    0x080001dc   0x080001dc   0x00000024   Code   RO            4    .text               startup_stm32f10x_hd.o
    0x08000200   0x08000200   0x00000174   Code   RO           24    .text               system_stm32f10x.o
    0x08000374   0x08000374   0x000000b8   Code   RO          121    .text               misc.o
    0x0800042c   0x0800042c   0x00000388   Code   RO          137    .text               stm32f10x_adc.o
    0x080007b4   0x080007b4   0x00000298   Code   RO          269    .text               stm32f10x_gpio.o
    0x08000a4c   0x08000a4c   0x000002f4   Code   RO          317    .text               stm32f10x_rcc.o
    0x08000d40   0x08000d40   0x0000039c   Code   RO          379    .text               stm32f10x_usart.o
    0x080010dc   0x080010dc   0x0000021c   Code   RO          403    .text               main.o
    0x080012f8   0x080012f8   0x000000a8   Code   RO          474    .text               stm32f10x_it.o
    0x080013a0   0x080013a0   0x00000060   Code   RO          505    .text               bsp_led.o
    0x08001400   0x08001400   0x000001a0   Code   RO          517    .text               bsp_usart.o
    0x080015a0   0x080015a0   0x00000220   Code   RO          533    .text               bsp_iic.o
    0x080017c0   0x080017c0   0x0000013c   Code   RO          545    .text               bsp_adc.o
    0x080018fc   0x080018fc   0x00000088   Code   RO          597    .text               list.o
    0x08001984   0x08001984   0x00000ff0   Code   RO          627    .text               tasks.o
    0x08002974   0x08002974   0x00000214   Code   RO          664    .text               heap_4.o
    0x08002b88   0x08002b88   0x000001ec   Code   RO          680    .text               port.o
    0x08002d74   0x08002d74   0x00000024   Code   RO          714    .text               mc_w.l(memseta.o)
    0x08002d98   0x08002d98   0x0000014e   Code   RO          979    .text               mf_w.l(dadd.o)
    0x08002ee6   0x08002ee6   0x000000e4   Code   RO          981    .text               mf_w.l(dmul.o)
    0x08002fca   0x08002fca   0x000000de   Code   RO          983    .text               mf_w.l(ddiv.o)
    0x080030a8   0x080030a8   0x0000002e   Code   RO          985    .text               mf_w.l(dscalb.o)
    0x080030d6   0x080030d6   0x0000001a   Code   RO          987    .text               mf_w.l(dfltui.o)
    0x080030f0   0x080030f0   0x0000002c   Code   RO         1004    .text               mc_w.l(uidiv.o)
    0x0800311c   0x0800311c   0x00000062   Code   RO         1006    .text               mc_w.l(uldiv.o)
    0x0800317e   0x0800317e   0x0000001e   Code   RO         1008    .text               mc_w.l(llshl.o)
    0x0800319c   0x0800319c   0x00000024   Code   RO         1010    .text               mc_w.l(llsshr.o)
    0x080031c0   0x080031c0   0x00000000   Code   RO         1012    .text               mc_w.l(iusefp.o)
    0x080031c0   0x080031c0   0x000000ba   Code   RO         1013    .text               mf_w.l(depilogue.o)
    0x0800327a   0x0800327a   0x00000030   Code   RO         1015    .text               mf_w.l(dfixul.o)
    0x080032aa   0x080032aa   0x00000002   PAD
    0x080032ac   0x080032ac   0x00000030   Code   RO         1017    .text               mf_w.l(cdrcmple.o)
    0x080032dc   0x080032dc   0x00000024   Code   RO         1019    .text               mc_w.l(init.o)
    0x08003300   0x08003300   0x00000020   Code   RO         1021    .text               mc_w.l(llushr.o)
    0x08003320   0x08003320   0x00000020   Code   RO          951    i.__0printf         mc_w.l(printfa.o)
    0x08003340   0x08003340   0x0000000e   Code   RO         1025    i.__scatterload_copy  mc_w.l(handlers.o)
    0x0800334e   0x0800334e   0x00000002   Code   RO         1026    i.__scatterload_null  mc_w.l(handlers.o)
    0x08003350   0x08003350   0x0000000e   Code   RO         1027    i.__scatterload_zeroinit  mc_w.l(handlers.o)
    0x0800335e   0x0800335e   0x00000002   PAD
    0x08003360   0x08003360   0x00000184   Code   RO          958    i._fp_digits        mc_w.l(printfa.o)
    0x080034e4   0x080034e4   0x000006dc   Code   RO          959    i._printf_core      mc_w.l(printfa.o)
    0x08003bc0   0x08003bc0   0x00000024   Code   RO          960    i._printf_post_padding  mc_w.l(printfa.o)
    0x08003be4   0x08003be4   0x0000002e   Code   RO          961    i._printf_pre_padding  mc_w.l(printfa.o)
    0x08003c12   0x08003c12   0x00000002   PAD
    0x08003c14   0x08003c14   0x00000020   Data   RO         1023    Region$$Table       anon$$obj.o


    Execution Region RW_IRAM1 (Exec base: 0x20000000, Load base: 0x08003c34, Size: 0x00009798, Max: 0x00010000, ABSOLUTE)

    Exec Addr    Load Addr    Size         Type   Attr      Idx    E Section Name        Object

    0x20000000   0x08003c34   0x00000014   Data   RW           25    .data               system_stm32f10x.o
    0x20000014   0x08003c48   0x00000014   Data   RW          318    .data               stm32f10x_rcc.o
    0x20000028   0x08003c5c   0x0000000c   Data   RW          405    .data               main.o
    0x20000034   0x08003c68   0x00000001   Data   RW          475    .data               stm32f10x_it.o
    0x20000035   0x08003c69   0x00000003   PAD
    0x20000038   0x08003c6c   0x0000003c   Data   RW          629    .data               tasks.o
    0x20000074   0x08003ca8   0x00000018   Data   RW          666    .data               heap_4.o
    0x2000008c   0x08003cc0   0x0000000c   Data   RW          681    .data               port.o
    0x20000098   0x08003ccc   0x00000004   Data   RW         1003    .data               mc_w.l(stdout.o)
    0x2000009c        -       0x00000014   Zero   RW          404    .bss                main.o
    0x200000b0        -       0x000002e4   Zero   RW          628    .bss                tasks.o
    0x20000394        -       0x00009000   Zero   RW          665    .bss                heap_4.o
    0x20009394   0x08003cd0   0x00000004   PAD
    0x20009398        -       0x00000400   Zero   RW            1    STACK               startup_stm32f10x_hd.o


==============================================================================

Image component sizes


      Code (inc. data)   RO Data    RW Data    ZI Data      Debug   Object Name

       316         14          0          0          0        989   bsp_adc.o
       544          4          0          0          0       2386   bsp_iic.o
        96          4          0          0          0        538   bsp_led.o
       416         10          0          0          0       4038   bsp_usart.o
         0          0          0          0          0       4500   core_cm3.o
         0          0          0          0          0       1468   event_groups.o
       532         66          0         24      36864       3440   heap_4.o
       136          0          0          0          0       1862   list.o
       540        174          0         12         20      12264   main.o
       184         12          0          0          0       1961   misc.o
       642         90          0         12          0       7647   port.o
        36          8        304          0       1024       1044   startup_stm32f10x_hd.o
       904         24          0          0          0      11853   stm32f10x_adc.o
       664         36          0          0          0       6245   stm32f10x_gpio.o
       168         18          0          1          0       4392   stm32f10x_it.o
       756         32          0         20          0       9372   stm32f10x_rcc.o
       924         20          0          0          0       9204   stm32f10x_usart.o
       372         34          0         20          0     238995   system_stm32f10x.o
      4080        138          0         60        740      29040   tasks.o

    ----------------------------------------------------------------------
     11312        684        336        152      38652     351238   Object Totals
         0          0         32          0          0          0   (incl. Generated)
         2          0          0          3          4          0   (incl. Padding)

    ----------------------------------------------------------------------

      Code (inc. data)   RO Data    RW Data    ZI Data      Debug   Library Member Name

         0          0          0          0          0          0   entry.o
         0          0          0          0          0          0   entry10a.o
         0          0          0          0          0          0   entry11a.o
         8          4          0          0          0          0   entry2.o
         4          0          0          0          0          0   entry5.o
         0          0          0          0          0          0   entry7b.o
         0          0          0          0          0          0   entry8b.o
         8          4          0          0          0          0   entry9a.o
        30          0          0          0          0          0   handlers.o
        36          8          0          0          0         68   init.o
         0          0          0          0          0          0   iusefp.o
        30          0          0          0          0         68   llshl.o
        36          0          0          0          0         68   llsshr.o
        32          0          0          0          0         68   llushr.o
        36          0          0          0          0        108   memseta.o
      2258         90          0          0          0        452   printfa.o
         0          0          0          4          0          0   stdout.o
        44          0          0          0          0         80   uidiv.o
        98          0          0          0          0         92   uldiv.o
        48          0          0          0          0         68   cdrcmple.o
       334          0          0          0          0        148   dadd.o
       222          0          0          0          0        100   ddiv.o
       186          0          0          0          0        176   depilogue.o
        48          0          0          0          0         68   dfixul.o
        26          0          0          0          0         76   dfltui.o
       228          0          0          0          0         96   dmul.o
        46          0          0          0          0         80   dscalb.o

    ----------------------------------------------------------------------
      3764        106          0          4          0       1816   Library Totals
         6          0          0          0          0          0   (incl. Padding)

    ----------------------------------------------------------------------

      Code (inc. data)   RO Data    RW Data    ZI Data      Debug   Library Name

      2620        106          0          4          0       1004   mc_w.l
      1138          0          0          0          0        812   mf_w.l

    ----------------------------------------------------------------------
      3764        106          0          4          0       1816   Library Totals

    ----------------------------------------------------------------------

==============================================================================


      Code (inc. data)   RO Data    RW Data    ZI Data      Debug   

     15076        790        336        156      38652     350398   Grand Totals
     15076        790        336        156      38652     350398   ELF Image Totals
     15076        790        336        156          0          0   ROM Totals

==============================================================================

    Total RO  Size (Code + RO Data)                15412 (  15.05kB)
    Total RW  Size (RW Data + ZI Data)             38808 (  37.90kB)
    Total ROM Size (Code + RO Data + RW Data)      15568 (  15.20kB)

==============================================================================

